Component: ARM Compiler 5.06 update 5 (build 528) Tool: armlink [4d35e2]

==============================================================================

Section Cross References

    main.o(.text) refers to _printf_percent.o(.ARM.Collect$$_printf_percent$$00000000) for _printf_percent
    main.o(.text) refers to _printf_d.o(.ARM.Collect$$_printf_percent$$00000009) for _printf_d
    main.o(.text) refers to _printf_dec.o(.text) for _printf_int_dec
    main.o(.text) refers to oled.o(.text) for OLED_ShowCHineseN
    main.o(.text) refers to __2sprintf.o(.text) for __2sprintf
    main.o(.text) refers to onenet.o(.text) for OneNet_Publish
    main.o(.text) refers to esp8266.o(.text) for ESP8266_Clear
    main.o(.text) refers to dht11.o(.text) for DHT11_Read_Data
    main.o(.text) refers to adc.o(.text) for Get_Adc_Average
    main.o(.text) refers to delay.o(.text) for delay_ms
    main.o(.text) refers to stm32f10x_gpio.o(.text) for GPIO_ResetBits
    main.o(.text) refers to key.o(.text) for KEY_Scan
    main.o(.text) refers to motor.o(.text) for Motor_Speed
    main.o(.text) refers to sys.o(.text) for NVIC_Configuration
    main.o(.text) refers to usart.o(.text) for Usart1_Init
    main.o(.text) refers to beep.o(.text) for Beep_Init
    main.o(.text) refers to led.o(.text) for LED_Init
    main.o(.text) refers to main.o(.data) for mode
    main.o(.text) refers to main.o(.bss) for PUB_BUF
    main.o(.data) refers to main.o(.conststring) for .conststring
    system_stm32f10x.o(.text) refers to system_stm32f10x.o(.data) for SystemCoreClock
    led.o(.text) refers to stm32f10x_rcc.o(.text) for RCC_APB2PeriphClockCmd
    led.o(.text) refers to stm32f10x_gpio.o(.text) for GPIO_Init
    key.o(.text) refers to stm32f10x_rcc.o(.text) for RCC_APB2PeriphClockCmd
    key.o(.text) refers to stm32f10x_gpio.o(.text) for GPIO_Init
    key.o(.text) refers to delay.o(.text) for delay_ms
    beep.o(.text) refers to stm32f10x_rcc.o(.text) for RCC_APB2PeriphClockCmd
    beep.o(.text) refers to stm32f10x_gpio.o(.text) for GPIO_Init
    oled.o(.text) refers to stm32f10x_gpio.o(.text) for GPIO_SetBits
    oled.o(.text) refers to oled.o(.constdata) for F8X16
    oled.o(.text) refers to stm32f10x_rcc.o(.text) for RCC_APB2PeriphClockCmd
    oled.o(.text) refers to delay.o(.text) for delay_ms
    oled.o(.text) refers to oled.o(.data) for Hzk
    dht11.o(.text) refers to delay.o(.text) for delay_ms
    dht11.o(.text) refers to stm32f10x_rcc.o(.text) for RCC_APB2PeriphClockCmd
    dht11.o(.text) refers to stm32f10x_gpio.o(.text) for GPIO_Init
    adc.o(.text) refers to stm32f10x_rcc.o(.text) for RCC_APB2PeriphClockCmd
    adc.o(.text) refers to stm32f10x_gpio.o(.text) for GPIO_Init
    adc.o(.text) refers to stm32f10x_adc.o(.text) for ADC_DeInit
    adc.o(.text) refers to delay.o(.text) for delay_ms
    motor.o(.text) refers to stm32f10x_rcc.o(.text) for RCC_APB2PeriphClockCmd
    motor.o(.text) refers to stm32f10x_gpio.o(.text) for GPIO_Init
    motor.o(.text) refers to pwm.o(.text) for PWM_Init
    pwm.o(.text) refers to stm32f10x_rcc.o(.text) for RCC_APB1PeriphClockCmd
    pwm.o(.text) refers to stm32f10x_gpio.o(.text) for GPIO_Init
    pwm.o(.text) refers to stm32f10x_tim.o(.text) for TIM_InternalClockConfig
    delay.o(.text) refers to misc.o(.text) for SysTick_CLKSourceConfig
    delay.o(.text) refers to system_stm32f10x.o(.data) for SystemCoreClock
    delay.o(.text) refers to delay.o(.data) for fac_us
    sys.o(.text) refers to misc.o(.text) for NVIC_PriorityGroupConfig
    usart.o(.text) refers to stm32f10x_rcc.o(.text) for RCC_APB2PeriphClockCmd
    usart.o(.text) refers to stm32f10x_gpio.o(.text) for GPIO_Init
    usart.o(.text) refers to stm32f10x_usart.o(.text) for USART_Init
    usart.o(.text) refers to misc.o(.text) for NVIC_Init
    usart.o(.text) refers to vsnprintf.o(.text) for vsnprintf
    startup_stm32f10x_hd.o(STACK) refers (Special) to heapauxi.o(.text) for __use_two_region_memory
    startup_stm32f10x_hd.o(HEAP) refers (Special) to heapauxi.o(.text) for __use_two_region_memory
    startup_stm32f10x_hd.o(RESET) refers (Special) to heapauxi.o(.text) for __use_two_region_memory
    startup_stm32f10x_hd.o(RESET) refers to startup_stm32f10x_hd.o(STACK) for __initial_sp
    startup_stm32f10x_hd.o(RESET) refers to startup_stm32f10x_hd.o(.text) for Reset_Handler
    startup_stm32f10x_hd.o(RESET) refers to stm32f10x_it.o(.text) for NMI_Handler
    startup_stm32f10x_hd.o(RESET) refers to esp8266.o(.text) for USART1_IRQHandler
    startup_stm32f10x_hd.o(.text) refers (Special) to heapauxi.o(.text) for __use_two_region_memory
    startup_stm32f10x_hd.o(.text) refers to system_stm32f10x.o(.text) for SystemInit
    startup_stm32f10x_hd.o(.text) refers to __main.o(!!!main) for __main
    startup_stm32f10x_hd.o(.text) refers to startup_stm32f10x_hd.o(HEAP) for Heap_Mem
    startup_stm32f10x_hd.o(.text) refers to startup_stm32f10x_hd.o(STACK) for Stack_Mem
[...]
    GPIO_WriteBit                            0x080019ff   Thumb Code    10  stm32f10x_gpio.o(.text)
    GPIO_Write                               0x08001a09   Thumb Code     4  stm32f10x_gpio.o(.text)
    GPIO_PinLockConfig                       0x08001a0d   Thumb Code    18  stm32f10x_gpio.o(.text)
    GPIO_EventOutputConfig                   0x08001a1f   Thumb Code    26  stm32f10x_gpio.o(.text)
    GPIO_EventOutputCmd                      0x08001a39   Thumb Code     6  stm32f10x_gpio.o(.text)
    GPIO_PinRemapConfig                      0x08001a3f   Thumb Code   138  stm32f10x_gpio.o(.text)
    GPIO_EXTILineConfig                      0x08001ac9   Thumb Code    66  stm32f10x_gpio.o(.text)
    GPIO_ETH_MediaInterfaceConfig            0x08001b0b   Thumb Code     8  stm32f10x_gpio.o(.text)
    RCC_DeInit                               0x08001b39   Thumb Code    64  stm32f10x_rcc.o(.text)
    RCC_HSEConfig                            0x08001b79   Thumb Code    70  stm32f10x_rcc.o(.text)
    RCC_GetFlagStatus                        0x08001bbf   Thumb Code    56  stm32f10x_rcc.o(.text)
    RCC_WaitForHSEStartUp                    0x08001bf7   Thumb Code    56  stm32f10x_rcc.o(.text)
    RCC_AdjustHSICalibrationValue            0x08001c2f   Thumb Code    20  stm32f10x_rcc.o(.text)
    RCC_HSICmd                               0x08001c43   Thumb Code     6  stm32f10x_rcc.o(.text)
    RCC_PLLConfig                            0x08001c49   Thumb Code    24  stm32f10x_rcc.o(.text)
    RCC_PLLCmd                               0x08001c61   Thumb Code     6  stm32f10x_rcc.o(.text)
    RCC_SYSCLKConfig                         0x08001c67   Thumb Code    18  stm32f10x_rcc.o(.text)
    RCC_GetSYSCLKSource                      0x08001c79   Thumb Code    10  stm32f10x_rcc.o(.text)
    RCC_HCLKConfig                           0x08001c83   Thumb Code    18  stm32f10x_rcc.o(.text)
    RCC_PCLK1Config                          0x08001c95   Thumb Code    18  stm32f10x_rcc.o(.text)
    RCC_PCLK2Config                          0x08001ca7   Thumb Code    20  stm32f10x_rcc.o(.text)
    RCC_ITConfig                             0x08001cbb   Thumb Code    26  stm32f10x_rcc.o(.text)
    RCC_USBCLKConfig                         0x08001cd5   Thumb Code     8  stm32f10x_rcc.o(.text)
    RCC_ADCCLKConfig                         0x08001cdd   Thumb Code    18  stm32f10x_rcc.o(.text)
    RCC_LSEConfig                            0x08001cef   Thumb Code    50  stm32f10x_rcc.o(.text)
    RCC_LSICmd                               0x08001d21   Thumb Code     6  stm32f10x_rcc.o(.text)
    RCC_RTCCLKConfig                         0x08001d27   Thumb Code    12  stm32f10x_rcc.o(.text)
    RCC_RTCCLKCmd                            0x08001d33   Thumb Code     8  stm32f10x_rcc.o(.text)
    RCC_GetClocksFreq                        0x08001d3b   Thumb Code   192  stm32f10x_rcc.o(.text)
    RCC_AHBPeriphClockCmd                    0x08001dfb   Thumb Code    26  stm32f10x_rcc.o(.text)
    RCC_APB2PeriphClockCmd                   0x08001e15   Thumb Code    26  stm32f10x_rcc.o(.text)
    RCC_APB1PeriphClockCmd                   0x08001e2f   Thumb Code    26  stm32f10x_rcc.o(.text)
    RCC_APB2PeriphResetCmd                   0x08001e49   Thumb Code    26  stm32f10x_rcc.o(.text)
    RCC_APB1PeriphResetCmd                   0x08001e63   Thumb Code    26  stm32f10x_rcc.o(.text)
    RCC_BackupResetCmd                       0x08001e7d   Thumb Code     8  stm32f10x_rcc.o(.text)
    RCC_ClockSecuritySystemCmd               0x08001e85   Thumb Code     6  stm32f10x_rcc.o(.text)
    RCC_MCOConfig                            0x08001e8b   Thumb Code     6  stm32f10x_rcc.o(.text)
    RCC_ClearFlag                            0x08001e91   Thumb Code    14  stm32f10x_rcc.o(.text)
    RCC_GetITStatus                          0x08001e9f   Thumb Code    20  stm32f10x_rcc.o(.text)
    RCC_ClearITPendingBit                    0x08001eb3   Thumb Code     6  stm32f10x_rcc.o(.text)
    TIM_DeInit                               0x08001edd   Thumb Code   424  stm32f10x_tim.o(.text)
    TIM_TimeBaseInit                         0x08002085   Thumb Code   122  stm32f10x_tim.o(.text)
    TIM_OC1Init                              0x080020ff   Thumb Code   132  stm32f10x_tim.o(.text)
    TIM_OC2Init                              0x08002183   Thumb Code   154  stm32f10x_tim.o(.text)
    TIM_OC3Init                              0x0800221d   Thumb Code   150  stm32f10x_tim.o(.text)
    TIM_OC4Init                              0x080022b3   Thumb Code   182  stm32f10x_tim.o(.text)
    TIM_SetIC4Prescaler                      0x08002369   Thumb Code    26  stm32f10x_tim.o(.text)
    TIM_SetIC3Prescaler                      0x08002405   Thumb Code    18  stm32f10x_tim.o(.text)
    TIM_SetIC2Prescaler                      0x08002491   Thumb Code    26  stm32f10x_tim.o(.text)
    TIM_SetIC1Prescaler                      0x0800252d   Thumb Code    18  stm32f10x_tim.o(.text)
    TIM_ICInit                               0x080025ab   Thumb Code   150  stm32f10x_tim.o(.text)
    TIM_PWMIConfig                           0x08002641   Thumb Code   124  stm32f10x_tim.o(.text)
    TIM_BDTRConfig                           0x080026bd   Thumb Code    32  stm32f10x_tim.o(.text)
    TIM_TimeBaseStructInit                   0x080026dd   Thumb Code    18  stm32f10x_tim.o(.text)
    TIM_OCStructInit                         0x080026ef   Thumb Code    20  stm32f10x_tim.o(.text)
    TIM_ICStructInit                         0x08002703   Thumb Code    18  stm32f10x_tim.o(.text)
    TIM_BDTRStructInit                       0x08002715   Thumb Code    40  stm32f10x_tim.o(.text)
    TIM_Cmd                                  0x0800273d   Thumb Code    24  stm32f10x_tim.o(.text)
    TIM_CtrlPWMOutputs                       0x08002755   Thumb Code    30  stm32f10x_tim.o(.text)
    TIM_ITConfig                             0x08002773   Thumb Code    18  stm32f10x_tim.o(.text)
    TIM_GenerateEvent                        0x08002785   Thumb Code     4  stm32f10x_tim.o(.text)
    TIM_DMAConfig                            0x08002789   Thumb Code    10  stm32f10x_tim.o(.text)
    TIM_DMACmd                               0x08002793   Thumb Code    18  stm32f10x_tim.o(.text)
    TIM_InternalClockConfig                  0x080027a5   Thumb Code    12  stm32f10x_tim.o(.text)
    TIM_SelectInputTrigger                   0x080027b1   Thumb Code    18  stm32f10x_tim.o(.text)
    TIM_ITRxExternalClockConfig              0x080027c3   Thumb Code    24  stm32f10x_tim.o(.text)
    TIM_TIxExternalClockConfig               0x080027db   Thumb Code    62  stm32f10x_tim.o(.text)
    TIM_ETRConfig                            0x08002819   Thumb Code    28  stm32f10x_tim.o(.text)
    TIM_ETRClockMode1Config                  0x08002835   Thumb Code    54  stm32f10x_tim.o(.text)
    TIM_ETRClockMode2Config                  0x0800286b   Thumb Code    32  stm32f10x_tim.o(.text)
    TIM_PrescalerConfig                      0x0800288b   Thumb Code     6  stm32f10x_tim.o(.text)
    TIM_CounterModeConfig                    0x08002891   Thumb Code    18  stm32f10x_tim.o(.text)
    TIM_EncoderInterfaceConfig               0x080028a3   Thumb Code    66  stm32f10x_tim.o(.text)
    TIM_ForcedOC1Config                      0x080028e5   Thumb Code    18  stm32f10x_tim.o(.text)
    TIM_ForcedOC2Config                      0x080028f7   Thumb Code    26  stm32f10x_tim.o(.text)
    TIM_ForcedOC3Config                      0x08002911   Thumb Code    18  stm32f10x_tim.o(.text)
    TIM_ForcedOC4Config                      0x08002923   Thumb Code    26  stm32f10x_tim.o(.text)
    TIM_ARRPreloadConfig                     0x0800293d   Thumb Code    24  stm32f10x_tim.o(.text)
    TIM_SelectCOM                            0x08002955   Thumb Code    24  stm32f10x_tim.o(.text)
    TIM_SelectCCDMA                          0x0800296d   Thumb Code    24  stm32f10x_tim.o(.text)
    TIM_CCPreloadControl                     0x08002985   Thumb Code    24  stm32f10x_tim.o(.text)
    TIM_OC1PreloadConfig                     0x0800299d   Thumb Code    18  stm32f10x_tim.o(.text)
    TIM_OC2PreloadConfig                     0x080029af   Thumb Code    26  stm32f10x_tim.o(.text)
    TIM_OC3PreloadConfig                     0x080029c9   Thumb Code    18  stm32f10x_tim.o(.text)
    TIM_OC4PreloadConfig                     0x080029db   Thumb Code    26  stm32f10x_tim.o(.text)
    TIM_OC1FastConfig                        0x080029f5   Thumb Code    18  stm32f10x_tim.o(.text)
    TIM_OC2FastConfig                        0x08002a07   Thumb Code    26  stm32f10x_tim.o(.text)
    TIM_OC3FastConfig                        0x08002a21   Thumb Code    18  stm32f10x_tim.o(.text)
    TIM_OC4FastConfig                        0x08002a33   Thumb Code    26  stm32f10x_tim.o(.text)
    TIM_ClearOC1Ref                          0x08002a4d   Thumb Code    18  stm32f10x_tim.o(.text)
    TIM_ClearOC2Ref                          0x08002a5f   Thumb Code    24  stm32f10x_tim.o(.text)
    TIM_ClearOC3Ref                          0x08002a77   Thumb Code    18  stm32f10x_tim.o(.text)
    TIM_ClearOC4Ref                          0x08002a89   Thumb Code    24  stm32f10x_tim.o(.text)
    TIM_OC1PolarityConfig                    0x08002aa1   Thumb Code    18  stm32f10x_tim.o(.text)
    TIM_OC1NPolarityConfig                   0x08002ab3   Thumb Code    18  stm32f10x_tim.o(.text)
    TIM_OC2PolarityConfig                    0x08002ac5   Thumb Code    26  stm32f10x_tim.o(.text)
    TIM_OC2NPolarityConfig                   0x08002adf   Thumb Code    26  stm32f10x_tim.o(.text)
    TIM_OC3PolarityConfig                    0x08002af9   Thumb Code    26  stm32f10x_tim.o(.text)
    TIM_OC3NPolarityConfig                   0x08002b13   Thumb Code    26  stm32f10x_tim.o(.text)
    TIM_OC4PolarityConfig                    0x08002b2d   Thumb Code    26  stm32f10x_tim.o(.text)
    TIM_CCxCmd                               0x08002b47   Thumb Code    30  stm32f10x_tim.o(.text)
    TIM_CCxNCmd                              0x08002b65   Thumb Code    30  stm32f10x_tim.o(.text)
    TIM_SelectOCxM                           0x08002b83   Thumb Code    82  stm32f10x_tim.o(.text)
    TIM_UpdateDisableConfig                  0x08002bd5   Thumb Code    24  stm32f10x_tim.o(.text)
    TIM_UpdateRequestConfig                  0x08002bed   Thumb Code    24  stm32f10x_tim.o(.text)
    TIM_SelectHallSensor                     0x08002c05   Thumb Code    24  stm32f10x_tim.o(.text)
    TIM_SelectOnePulseMode                   0x08002c1d   Thumb Code    18  stm32f10x_tim.o(.text)
    TIM_SelectOutputTrigger                  0x08002c2f   Thumb Code    18  stm32f10x_tim.o(.text)
    TIM_SelectSlaveMode                      0x08002c41   Thumb Code    18  stm32f10x_tim.o(.text)
    TIM_SelectMasterSlaveMode                0x08002c53   Thumb Code    18  stm32f10x_tim.o(.text)
    TIM_SetCounter                           0x08002c65   Thumb Code     4  stm32f10x_tim.o(.text)
    TIM_SetAutoreload                        0x08002c69   Thumb Code     4  stm32f10x_tim.o(.text)
    TIM_SetCompare1                          0x08002c6d   Thumb Code     4  stm32f10x_tim.o(.text)
    TIM_SetCompare2                          0x08002c71   Thumb Code     4  stm32f10x_tim.o(.text)
    TIM_SetCompare3                          0x08002c75   Thumb Code     4  stm32f10x_tim.o(.text)
    TIM_SetCompare4                          0x08002c79   Thumb Code     6  stm32f10x_tim.o(.text)
    TIM_SetClockDivision                     0x08002c7f   Thumb Code    18  stm32f10x_tim.o(.text)
    TIM_GetCapture1                          0x08002c91   Thumb Code     6  stm32f10x_tim.o(.text)
    TIM_GetCapture2                          0x08002c97   Thumb Code     6  stm32f10x_tim.o(.text)
    TIM_GetCapture3                          0x08002c9d   Thumb Code     6  stm32f10x_tim.o(.text)
    TIM_GetCapture4                          0x08002ca3   Thumb Code     8  stm32f10x_tim.o(.text)
    TIM_GetCounter                           0x08002cab   Thumb Code     6  stm32f10x_tim.o(.text)
    TIM_GetPrescaler                         0x08002cb1   Thumb Code     6  stm32f10x_tim.o(.text)
    TIM_GetFlagStatus                        0x08002cb7   Thumb Code    18  stm32f10x_tim.o(.text)
    TIM_ClearFlag                            0x08002cc9   Thumb Code     6  stm32f10x_tim.o(.text)
    TIM_GetITStatus                          0x08002ccf   Thumb Code    34  stm32f10x_tim.o(.text)
    TIM_ClearITPendingBit                    0x08002cf1   Thumb Code     6  stm32f10x_tim.o(.text)
    USART_DeInit                             0x08002cf9   Thumb Code   134  stm32f10x_usart.o(.text)
    USART_Init                               0x08002d7f   Thumb Code   210  stm32f10x_usart.o(.text)
    USART_StructInit                         0x08002e51   Thumb Code    24  stm32f10x_usart.o(.text)
    USART_ClockInit                          0x08002e69   Thumb Code    34  stm32f10x_usart.o(.text)
    USART_ClockStructInit                    0x08002e8b   Thumb Code    12  stm32f10x_usart.o(.text)
    USART_Cmd                                0x08002e97   Thumb Code    24  stm32f10x_usart.o(.text)
    USART_ITConfig                           0x08002eaf   Thumb Code    74  stm32f10x_usart.o(.text)
    USART_DMACmd                             0x08002ef9   Thumb Code    18  stm32f10x_usart.o(.text)
    USART_SetAddress                         0x08002f0b   Thumb Code    18  stm32f10x_usart.o(.text)
    USART_WakeUpConfig                       0x08002f1d   Thumb Code    18  stm32f10x_usart.o(.text)
    USART_ReceiverWakeUpCmd                  0x08002f2f   Thumb Code    24  stm32f10x_usart.o(.text)
    USART_LINBreakDetectLengthConfig         0x08002f47   Thumb Code    18  stm32f10x_usart.o(.text)
    USART_LINCmd                             0x08002f59   Thumb Code    24  stm32f10x_usart.o(.text)
    USART_SendData                           0x08002f71   Thumb Code     8  stm32f10x_usart.o(.text)
    USART_ReceiveData                        0x08002f79   Thumb Code    10  stm32f10x_usart.o(.text)
    USART_SendBreak                          0x08002f83   Thumb Code    10  stm32f10x_usart.o(.text)
    USART_SetGuardTime                       0x08002f8d   Thumb Code    16  stm32f10x_usart.o(.text)
    USART_SetPrescaler                       0x08002f9d   Thumb Code    16  stm32f10x_usart.o(.text)
    USART_SmartCardCmd                       0x08002fad   Thumb Code    24  stm32f10x_usart.o(.text)
    USART_SmartCardNACKCmd                   0x08002fc5   Thumb Code    24  stm32f10x_usart.o(.text)
    USART_HalfDuplexCmd                      0x08002fdd   Thumb Code    24  stm32f10x_usart.o(.text)
    USART_OverSampling8Cmd                   0x08002ff5   Thumb Code    22  stm32f10x_usart.o(.text)
    USART_OneBitMethodCmd                    0x0800300b   Thumb Code    24  stm32f10x_usart.o(.text)
    USART_IrDAConfig                         0x08003023   Thumb Code    18  stm32f10x_usart.o(.text)
    USART_IrDACmd                            0x08003035   Thumb Code    24  stm32f10x_usart.o(.text)
    USART_GetFlagStatus                      0x0800304d   Thumb Code    26  stm32f10x_usart.o(.text)
    USART_ClearFlag                          0x08003067   Thumb Code    18  stm32f10x_usart.o(.text)
    USART_GetITStatus                        0x08003079   Thumb Code    84  stm32f10x_usart.o(.text)
    USART_ClearITPendingBit                  0x080030cd   Thumb Code    52  stm32f10x_usart.o(.text)
    ADC_DeInit                               0x08003101   Thumb Code    78  stm32f10x_adc.o(.text)
    ADC_Init                                 0x0800314f   Thumb Code    70  stm32f10x_adc.o(.text)
    ADC_StructInit                           0x08003195   Thumb Code    18  stm32f10x_adc.o(.text)
    ADC_Cmd                                  0x080031a7   Thumb Code    22  stm32f10x_adc.o(.text)
    ADC_DMACmd                               0x080031bd   Thumb Code    22  stm32f10x_adc.o(.text)
    ADC_ITConfig                             0x080031d3   Thumb Code    24  stm32f10x_adc.o(.text)
    ADC_ResetCalibration                     0x080031eb   Thumb Code    10  stm32f10x_adc.o(.text)
    ADC_GetResetCalibrationStatus            0x080031f5   Thumb Code    20  stm32f10x_adc.o(.text)
    ADC_StartCalibration                     0x08003209   Thumb Code    10  stm32f10x_adc.o(.text)
    ADC_GetCalibrationStatus                 0x08003213   Thumb Code    20  stm32f10x_adc.o(.text)
    ADC_SoftwareStartConvCmd                 0x08003227   Thumb Code    22  stm32f10x_adc.o(.text)
    ADC_GetSoftwareStartConvStatus           0x0800323d   Thumb Code    20  stm32f10x_adc.o(.text)
    ADC_DiscModeChannelCountConfig           0x08003251   Thumb Code    24  stm32f10x_adc.o(.text)
    ADC_DiscModeCmd                          0x08003269   Thumb Code    22  stm32f10x_adc.o(.text)
    ADC_RegularChannelConfig                 0x0800327f   Thumb Code   184  stm32f10x_adc.o(.text)
    ADC_ExternalTrigConvCmd                  0x08003337   Thumb Code    22  stm32f10x_adc.o(.text)
    ADC_GetConversionValue                   0x0800334d   Thumb Code     8  stm32f10x_adc.o(.text)
    ADC_GetDualModeConversionValue           0x08003355   Thumb Code     8  stm32f10x_adc.o(.text)
    ADC_AutoInjectedConvCmd                  0x0800335d   Thumb Code    22  stm32f10x_adc.o(.text)
    ADC_InjectedDiscModeCmd                  0x08003373   Thumb Code    22  stm32f10x_adc.o(.text)
    ADC_ExternalTrigInjectedConvConfig       0x08003389   Thumb Code    16  stm32f10x_adc.o(.text)
    ADC_ExternalTrigInjectedConvCmd          0x08003399   Thumb Code    22  stm32f10x_adc.o(.text)
    ADC_SoftwareStartInjectedConvCmd         0x080033af   Thumb Code    22  stm32f10x_adc.o(.text)
    ADC_GetSoftwareStartInjectedConvCmdStatus 0x080033c5   Thumb Code    20  stm32f10x_adc.o(.text)
    ADC_InjectedChannelConfig                0x080033d9   Thumb Code   130  stm32f10x_adc.o(.text)
    ADC_InjectedSequencerLengthConfig        0x0800345b   Thumb Code    24  stm32f10x_adc.o(.text)
    ADC_SetInjectedOffset                    0x08003473   Thumb Code    20  stm32f10x_adc.o(.text)
    ADC_GetInjectedConversionValue           0x08003487   Thumb Code    28  stm32f10x_adc.o(.text)
    ADC_AnalogWatchdogCmd                    0x080034a3   Thumb Code    16  stm32f10x_adc.o(.text)
    ADC_AnalogWatchdogThresholdsConfig       0x080034b3   Thumb Code     6  stm32f10x_adc.o(.text)
    ADC_AnalogWatchdogSingleChannelConfig    0x080034b9   Thumb Code    16  stm32f10x_adc.o(.text)
    ADC_TempSensorVrefintCmd                 0x080034c9   Thumb Code    64  stm32f10x_adc.o(.text)
    ADC_GetFlagStatus                        0x08003509   Thumb Code    18  stm32f10x_adc.o(.text)
    ADC_ClearFlag                            0x0800351b   Thumb Code     6  stm32f10x_adc.o(.text)
    ADC_GetITStatus                          0x08003521   Thumb Code    36  stm32f10x_adc.o(.text)
    ADC_ClearITPendingBit                    0x08003545   Thumb Code    10  stm32f10x_adc.o(.text)
    ESP8266_Clear                            0x08003551   Thumb Code    18  esp8266.o(.text)
    ESP8266_WaitRecive                       0x08003563   Thumb Code    42  esp8266.o(.text)
    ESP8266_SendCmd                          0x0800358d   Thumb Code    76  esp8266.o(.text)
    ESP8266_SendData                         0x080035d9   Thumb Code    46  esp8266.o(.text)
    ESP8266_GetIPD                           0x08003607   Thumb Code    78  esp8266.o(.text)
    ESP8266_Init                             0x08003655   Thumb Code   350  esp8266.o(.text)
    USART1_IRQHandler                        0x080037b3   Thumb Code    62  esp8266.o(.text)
    MQTT_NewBuffer                           0x08003945   Thumb Code    88  mqttkit.o(.text)
    MQTT_DeleteBuffer                        0x0800399d   Thumb Code    28  mqttkit.o(.text)
    MQTT_DumpLength                          0x080039b9   Thumb Code    46  mqttkit.o(.text)
    MQTT_ReadLength                          0x080039e7   Thumb Code    70  mqttkit.o(.text)
    MQTT_UnPacketRecv                        0x08003a2d   Thumb Code   106  mqttkit.o(.text)
    MQTT_PacketConnect                       0x08003a97   Thumb Code   666  mqttkit.o(.text)
    MQTT_PacketDisConnect                    0x08003d31   Thumb Code    48  mqttkit.o(.text)
    MQTT_UnPacketConnectAck                  0x08003d61   Thumb Code    30  mqttkit.o(.text)
    MQTT_PacketPublish                       0x08003d7f   Thumb Code   452  mqttkit.o(.text)
    MQTT_PacketSaveData                      0x08003f43   Thumb Code    88  mqttkit.o(.text)
    MQTT_PacketSaveBinData                   0x08003f9b   Thumb Code   192  mqttkit.o(.text)
    MQTT_UnPacketCmd                         0x0800405b   Thumb Code   140  mqttkit.o(.text)
    MQTT_PacketCmdResp                       0x080040e7   Thumb Code   132  mqttkit.o(.text)
    MQTT_PacketSubscribe                     0x0800416b   Thumb Code   254  mqttkit.o(.text)
    MQTT_UnPacketSubscribe                   0x08004269   Thumb Code    52  mqttkit.o(.text)
    MQTT_PacketUnSubscribe                   0x0800429d   Thumb Code   268  mqttkit.o(.text)
    MQTT_UnPacketUnSubscribe                 0x080043a9   Thumb Code    18  mqttkit.o(.text)
    MQTT_UnPacketPublish                     0x080043bb   Thumb Code   440  mqttkit.o(.text)
    MQTT_PacketPublishAck                    0x08004573   Thumb Code    72  mqttkit.o(.text)
    MQTT_UnPacketPublishAck                  0x080045bb   Thumb Code    30  mqttkit.o(.text)
    MQTT_PacketPublishRec                    0x080045d9   Thumb Code    72  mqttkit.o(.text)
    MQTT_UnPacketPublishRec                  0x08004621   Thumb Code    30  mqttkit.o(.text)
    MQTT_PacketPublishRel                    0x0800463f   Thumb Code    72  mqttkit.o(.text)
    MQTT_UnPacketPublishRel                  0x08004687   Thumb Code    36  mqttkit.o(.text)
    MQTT_PacketPublishComp                   0x080046ab   Thumb Code    72  mqttkit.o(.text)
    MQTT_UnPacketPublishComp                 0x080046f3   Thumb Code    30  mqttkit.o(.text)
    MQTT_PacketPing                          0x08004711   Thumb Code    48  mqttkit.o(.text)
    OneNet_DevLink                           0x08004741   Thumb Code   228  onenet.o(.text)
    OneNet_Subscribe                         0x08004825   Thumb Code    80  onenet.o(.text)
    OneNet_Publish                           0x08004875   Thumb Code    76  onenet.o(.text)
    OneNet_RevPro                            0x080048c1   Thumb Code  1230  onenet.o(.text)
    cJSON_GetErrorPtr                        0x08004e69   Thumb Code    12  cjson.o(.text)
    cJSON_IsString                           0x08004e75   Thumb Code    22  cjson.o(.text)
    cJSON_GetStringValue                     0x08004e8b   Thumb Code    20  cjson.o(.text)
    cJSON_IsNumber                           0x08004e9f   Thumb Code    22  cjson.o(.text)
    cJSON_GetNumberValue                     0x08004eb5   Thumb Code    24  cjson.o(.text)
    cJSON_Version                            0x08004ecd   Thumb Code    22  cjson.o(.text)
    cJSON_InitHooks                          0x08004f63   Thumb Code    82  cjson.o(.text)
    cJSON_Delete                             0x08004fcf   Thumb Code    84  cjson.o(.text)
    cJSON_SetNumberHelper                    0x08005151   Thumb Code    72  cjson.o(.text)
    cJSON_free                               0x08005199   Thumb Code    14  cjson.o(.text)
    cJSON_SetValuestring                     0x080051a7   Thumb Code    94  cjson.o(.text)
    cJSON_ParseWithLengthOpts                0x08005d55   Thumb Code   204  cjson.o(.text)
    cJSON_ParseWithOpts                      0x08005e21   Thumb Code    40  cjson.o(.text)
    cJSON_Parse                              0x08005e49   Thumb Code    16  cjson.o(.text)
    cJSON_ParseWithLength                    0x08005e59   Thumb Code    20  cjson.o(.text)
    cJSON_Print                              0x08006251   Thumb Code    16  cjson.o(.text)
    cJSON_PrintUnformatted                   0x08006261   Thumb Code    16  cjson.o(.text)
    cJSON_PrintBuffered                      0x08006271   Thumb Code    90  cjson.o(.text)
    cJSON_PrintPreallocated                  0x080062cb   Thumb Code    64  cjson.o(.text)
    cJSON_GetArraySize                       0x0800630b   Thumb Code    28  cjson.o(.text)
    cJSON_GetArrayItem                       0x08006345   Thumb Code    24  cjson.o(.text)
    cJSON_GetObjectItem                      0x080063af   Thumb Code    18  cjson.o(.text)
    cJSON_GetObjectItemCaseSensitive         0x080063c1   Thumb Code    18  cjson.o(.text)
    cJSON_HasObjectItem                      0x080063d3   Thumb Code    24  cjson.o(.text)
    cJSON_AddItemToArray                     0x08006463   Thumb Code    16  cjson.o(.text)
    cJSON_AddItemToObject                    0x080064ef   Thumb Code    26  cjson.o(.text)
    cJSON_AddItemToObjectCS                  0x08006509   Thumb Code    26  cjson.o(.text)
    cJSON_AddItemReferenceToArray            0x08006523   Thumb Code    32  cjson.o(.text)
    cJSON_AddItemReferenceToObject           0x08006543   Thumb Code    44  cjson.o(.text)
    cJSON_CreateNull                         0x0800656f   Thumb Code    20  cjson.o(.text)
    cJSON_AddNullToObject                    0x08006583   Thumb Code    44  cjson.o(.text)
    cJSON_CreateTrue                         0x080065af   Thumb Code    20  cjson.o(.text)
    cJSON_AddTrueToObject                    0x080065c3   Thumb Code    44  cjson.o(.text)
    cJSON_CreateFalse                        0x080065ef   Thumb Code    20  cjson.o(.text)
    cJSON_AddFalseToObject                   0x08006603   Thumb Code    44  cjson.o(.text)
    cJSON_CreateBool                         0x0800662f   Thumb Code    34  cjson.o(.text)
    cJSON_AddBoolToObject                    0x08006651   Thumb Code    48  cjson.o(.text)
    cJSON_CreateNumber                       0x08006681   Thumb Code    82  cjson.o(.text)
    cJSON_AddNumberToObject                  0x080066d3   Thumb Code    56  cjson.o(.text)
    cJSON_CreateString                       0x0800670b   Thumb Code    46  cjson.o(.text)
    cJSON_AddStringToObject                  0x08006739   Thumb Code    48  cjson.o(.text)
    cJSON_CreateRaw                          0x08006769   Thumb Code    46  cjson.o(.text)
    cJSON_AddRawToObject                     0x08006797   Thumb Code    48  cjson.o(.text)
    cJSON_CreateObject                       0x080067c7   Thumb Code    20  cjson.o(.text)
    cJSON_AddObjectToObject                  0x080067db   Thumb Code    44  cjson.o(.text)
    cJSON_CreateArray                        0x08006807   Thumb Code    20  cjson.o(.text)
    cJSON_AddArrayToObject                   0x0800681b   Thumb Code    44  cjson.o(.text)
    cJSON_DetachItemViaPointer               0x08006847   Thumb Code    64  cjson.o(.text)
    cJSON_DetachItemFromArray                0x08006887   Thumb Code    34  cjson.o(.text)
    cJSON_DeleteItemFromArray                0x080068a9   Thumb Code    22  cjson.o(.text)
    cJSON_DetachItemFromObject               0x080068bf   Thumb Code    26  cjson.o(.text)
    cJSON_DetachItemFromObjectCaseSensitive  0x080068d9   Thumb Code    26  cjson.o(.text)
    cJSON_DeleteItemFromObject               0x080068f3   Thumb Code    22  cjson.o(.text)
    cJSON_DeleteItemFromObjectCaseSensitive  0x08006909   Thumb Code    22  cjson.o(.text)
    cJSON_InsertItemInArray                  0x0800691f   Thumb Code    70  cjson.o(.text)
    cJSON_ReplaceItemViaPointer              0x08006965   Thumb Code    96  cjson.o(.text)
    cJSON_ReplaceItemInArray                 0x080069c5   Thumb Code    42  cjson.o(.text)
    cJSON_ReplaceItemInObject                0x08006a59   Thumb Code    22  cjson.o(.text)
    cJSON_ReplaceItemInObjectCaseSensitive   0x08006a6f   Thumb Code    22  cjson.o(.text)
    cJSON_CreateStringReference              0x08006a85   Thumb Code    32  cjson.o(.text)
    cJSON_CreateObjectReference              0x08006aa5   Thumb Code    32  cjson.o(.text)
    cJSON_CreateArrayReference               0x08006ac5   Thumb Code    32  cjson.o(.text)
    cJSON_CreateIntArray                     0x08006ae5   Thumb Code   110  cjson.o(.text)
    cJSON_CreateFloatArray                   0x08006b53   Thumb Code   110  cjson.o(.text)
    cJSON_CreateDoubleArray                  0x08006bc1   Thumb Code   106  cjson.o(.text)
    cJSON_CreateStringArray                  0x08006c2b   Thumb Code   100  cjson.o(.text)
    cJSON_Duplicate                          0x08006c8f   Thumb Code   188  cjson.o(.text)
    cJSON_Minify                             0x08006e1b   Thumb Code   160  cjson.o(.text)
    cJSON_IsInvalid                          0x08006ebb   Thumb Code    20  cjson.o(.text)
    cJSON_IsFalse                            0x08006ecf   Thumb Code    20  cjson.o(.text)
    cJSON_IsTrue                             0x08006ee3   Thumb Code    22  cjson.o(.text)
    cJSON_IsBool                             0x08006ef9   Thumb Code    24  cjson.o(.text)
    cJSON_IsNull                             0x08006f11   Thumb Code    22  cjson.o(.text)
    cJSON_IsArray                            0x08006f27   Thumb Code    22  cjson.o(.text)
    cJSON_IsObject                           0x08006f3d   Thumb Code    22  cjson.o(.text)
    cJSON_IsRaw                              0x08006f53   Thumb Code    22  cjson.o(.text)
    cJSON_Compare                            0x08006f69   Thumb Code   384  cjson.o(.text)
    cJSON_malloc                             0x080070e9   Thumb Code    14  cjson.o(.text)
    malloc                                   0x080070fd   Thumb Code    94  h1_alloc.o(.text)
    free                                     0x0800715b   Thumb Code    78  h1_free.o(.text)
    realloc                                  0x080071a9   Thumb Code   184  h1_realloc.o(.text)
    tolower                                  0x08007261   Thumb Code    26  tolower.o(.text)
    vsnprintf                                0x0800727d   Thumb Code    48  vsnprintf.o(.text)
    __2sprintf                               0x080072b1   Thumb Code    38  __2sprintf.o(.text)
    _printf_pre_padding                      0x080072dd   Thumb Code    44  _printf_pad.o(.text)
    _printf_post_padding                     0x08007309   Thumb Code    34  _printf_pad.o(.text)
    _printf_str                              0x0800732b   Thumb Code    82  _printf_str.o(.text)
    _printf_int_dec                          0x0800737d   Thumb Code   104  _printf_dec.o(.text)
    _printf_longlong_hex                     0x080073f5   Thumb Code    86  _printf_hex_int_ll_ptr.o(.text)
    _printf_int_hex                          0x0800744b   Thumb Code    28  _printf_hex_int_ll_ptr.o(.text)
    _printf_ll_hex                           0x08007467   Thumb Code    12  _printf_hex_int_ll_ptr.o(.text)
    _printf_hex_ptr                          0x08007473   Thumb Code    18  _printf_hex_int_ll_ptr.o(.text)
    __printf                                 0x08007489   Thumb Code   388  __printf_flags_ss_wp.o(.text)
    __0sscanf                                0x08007611   Thumb Code    52  __0sscanf.o(.text)
    strchr                                   0x0800764d   Thumb Code    20  strchr.o(.text)
    strncat                                  0x08007661   Thumb Code    36  strncat.o(.text)
    strstr                                   0x08007685   Thumb Code    36  strstr.o(.text)
    strcpy                                   0x080076a9   Thumb Code    72  strcpy.o(.text)
    strlen                                   0x080076f1   Thumb Code    62  strlen.o(.text)
    strncmp                                  0x0800772f   Thumb Code   150  strncmp.o(.text)
    __aeabi_memcpy                           0x080077c5   Thumb Code     0  rt_memcpy_v6.o(.text)
    __rt_memcpy                              0x080077c5   Thumb Code   138  rt_memcpy_v6.o(.text)
    _memcpy_lastbytes                        0x0800782b   Thumb Code     0  rt_memcpy_v6.o(.text)
    __aeabi_memcpy4                          0x0800784f   Thumb Code     0  rt_memcpy_w.o(.text)
    __aeabi_memcpy8                          0x0800784f   Thumb Code     0  rt_memcpy_w.o(.text)
    __rt_memcpy_w                            0x0800784f   Thumb Code   100  rt_memcpy_w.o(.text)
    _memcpy_lastbytes_aligned                0x08007897   Thumb Code     0  rt_memcpy_w.o(.text)
    __aeabi_memclr                           0x080078b3   Thumb Code     0  rt_memclr.o(.text)
    __rt_memclr                              0x080078b3   Thumb Code    68  rt_memclr.o(.text)
    _memset                                  0x080078b7   Thumb Code     0  rt_memclr.o(.text)
    __aeabi_memclr4                          0x080078f7   Thumb Code     0  rt_memclr_w.o(.text)
    __aeabi_memclr8                          0x080078f7   Thumb Code     0  rt_memclr_w.o(.text)
    __rt_memclr_w                            0x080078f7   Thumb Code    78  rt_memclr_w.o(.text)
    _memset_w                                0x080078fb   Thumb Code     0  rt_memclr_w.o(.text)
    strcmp                                   0x08007945   Thumb Code   128  strcmpv7m.o(.text)
    __use_two_region_memory                  0x080079c5   Thumb Code     2  heapauxi.o(.text)
    __rt_heap_escrow                         0x080079c7   Thumb Code     2  heapauxi.o(.text)
    __rt_heap_expand                         0x080079c9   Thumb Code     2  heapauxi.o(.text)
    __rt_ctype_table                         0x080079cd   Thumb Code    16  rt_ctype_table.o(.text)
    __rt_heap_descriptor                     0x080079dd   Thumb Code     8  rt_heap_descriptor_intlibspace.o(.text)
    __use_no_heap                            0x080079e5   Thumb Code     2  hguard.o(.text)
    __heap$guard                             0x080079e7   Thumb Code     2  hguard.o(.text)
    _terminate_user_alloc                    0x080079e9   Thumb Code     2  init_alloc.o(.text)
    _init_user_alloc                         0x080079eb   Thumb Code     2  init_alloc.o(.text)
    __Heap_Full                              0x080079ed   Thumb Code    34  init_alloc.o(.text)
    __Heap_Broken                            0x08007a0f   Thumb Code     6  init_alloc.o(.text)
    _init_alloc                              0x08007a15   Thumb Code    94  init_alloc.o(.text)
    __Heap_Initialize                        0x08007a73   Thumb Code    10  h1_init.o(.text)
    __Heap_DescSize                          0x08007a7d   Thumb Code     4  h1_init.o(.text)
    _printf_truncate_signed                  0x08007a81   Thumb Code    18  _printf_truncate.o(.text)
    _printf_truncate_unsigned                0x08007a93   Thumb Code    18  _printf_truncate.o(.text)
    _printf_int_common                       0x08007aa5   Thumb Code   178  _printf_intcommon.o(.text)
    _printf_charcount                        0x08007b57   Thumb Code    40  _printf_charcount.o(.text)
    __lib_sel_fp_printf                      0x08007b7f   Thumb Code     2  _printf_fp_dec.o(.text)
    _printf_fp_dec_real                      0x08007d31   Thumb Code   620  _printf_fp_dec.o(.text)
    _printf_char_common                      0x08007fa7   Thumb Code    32  _printf_char_common.o(.text)
    _sputc                                   0x08007fcd   Thumb Code    10  _sputc.o(.text)
    _snputc                                  0x08007fd7   Thumb Code    16  _snputc.o(.text)
    _printf_cs_common                        0x08007fe7   Thumb Code    20  _printf_char.o(.text)
    _printf_char                             0x08007ffb   Thumb Code    16  _printf_char.o(.text)
    _printf_string                           0x0800800b   Thumb Code     8  _printf_char.o(.text)
    _printf_wctomb                           0x08008015   Thumb Code   182  _printf_wctomb.o(.text)
    _printf_longlong_dec                     0x080080d1   Thumb Code   108  _printf_longlong_dec.o(.text)
    _printf_longlong_oct                     0x0800814d   Thumb Code    66  _printf_oct_int_ll.o(.text)
    _printf_int_oct                          0x0800818f   Thumb Code    24  _printf_oct_int_ll.o(.text)
    _printf_ll_oct                           0x080081a7   Thumb Code    12  _printf_oct_int_ll.o(.text)
    _scanf_really_real                       0x08008409   Thumb Code   684  scanf_fp.o(.text)
    __vfscanf_char                           0x080086c1   Thumb Code    24  scanf_char.o(.text)
    _sgetc                                   0x080086e1   Thumb Code    30  _sgetc.o(.text)
    _sbackspace                              0x080086ff   Thumb Code    34  _sgetc.o(.text)
    __strtod_int                             0x0800875d   Thumb Code    90  strtod.o(.text)
    __user_libspace                          0x080087c5   Thumb Code     8  libspace.o(.text)
    __user_perproc_libspace                  0x080087c5   Thumb Code     0  libspace.o(.text)
    __user_perthread_libspace                0x080087c5   Thumb Code     0  libspace.o(.text)
    __rt_locale                              0x080087cd   Thumb Code     8  rt_locale_intlibspace.o(.text)
    __aeabi_errno_addr                       0x080087d5   Thumb Code     8  rt_errno_addr_intlibspace.o(.text)
    __errno$intlibspace                      0x080087d5   Thumb Code     0  rt_errno_addr_intlibspace.o(.text)
    __rt_errno_addr$intlibspace              0x080087d5   Thumb Code     0  rt_errno_addr_intlibspace.o(.text)
    __Heap_ProvideMemory                     0x080087dd   Thumb Code    52  h1_extend.o(.text)
    _ll_udiv10                               0x08008811   Thumb Code   138  lludiv10.o(.text)
    isspace                                  0x0800889b   Thumb Code    18  isspace.o(.text)
    _printf_fp_hex_real                      0x080088ad   Thumb Code   756  _printf_fp_hex.o(.text)
    _printf_fp_infnan                        0x08008ba9   Thumb Code   112  _printf_fp_infnan.o(.text)
    _printf_lcs_common                       0x08008c29   Thumb Code    20  _printf_wchar.o(.text)
    _printf_wchar                            0x08008c3d   Thumb Code    16  _printf_wchar.o(.text)
    _printf_wstring                          0x08008c4d   Thumb Code     8  _printf_wchar.o(.text)
    __vfscanf                                0x08008c55   Thumb Code   878  _scanf.o(.text)
    _btod_etento                             0x08008fc9   Thumb Code   224  bigflt0.o(.text)
    _wcrtomb                                 0x080090ad   Thumb Code    64  _wcrtomb.o(.text)
    __rt_SIGRTMEM                            0x080090ed   Thumb Code    14  defsig_rtmem_outer.o(.text)
    __I$use$semihosting                      0x080090fb   Thumb Code     0  use_no_semi.o(.text)
    __use_no_semihosting_swi                 0x080090fb   Thumb Code     2  use_no_semi.o(.text)
    __semihosting_library_function           0x080090fd   Thumb Code     0  indicate_semi.o(.text)
    __user_setup_stackheap                   0x080090fd   Thumb Code    74  sys_stackheap_outer.o(.text)
    __read_errno                             0x08009147   Thumb Code    10  _rserrno.o(.text)
    __set_errno                              0x08009151   Thumb Code    12  _rserrno.o(.text)
    _scanf_really_hex_real                   0x0800915d   Thumb Code   786  scanf_hexfp.o(.text)
    _scanf_really_infnan                     0x0800947d   Thumb Code   292  scanf_infnan.o(.text)
    exit                                     0x080095b1   Thumb Code    18  exit.o(.text)
    __sig_exit                               0x080095c3   Thumb Code    10  defsig_exit.o(.text)
    __rt_SIGRTMEM_inner                      0x080095cd   Thumb Code    22  defsig_rtmem_inner.o(.text)
    _sys_exit                                0x0800961d   Thumb Code     8  sys_exit.o(.text)
    __aeabi_llsl                             0x08009629   Thumb Code     0  llshl.o(.text)
    _ll_shift_l                              0x08009629   Thumb Code    38  llshl.o(.text)
    _chval                                   0x0800964f   Thumb Code    28  _chval.o(.text)
    __default_signal_display                 0x0800966b   Thumb Code    50  defsig_general.o(.text)
    _ttywrch                                 0x0800969d   Thumb Code    14  sys_wrch.o(.text)
    _btod_d2e                                0x080096ab   Thumb Code    62  btod.o(CL$$btod_d2e)
    _d2e_denorm_low                          0x080096e9   Thumb Code    70  btod.o(CL$$btod_d2e_denorm_low)
    _d2e_norm_op1                            0x0800972f   Thumb Code    96  btod.o(CL$$btod_d2e_norm_op1)
    __btod_div_common                        0x0800978f   Thumb Code   696  btod.o(CL$$btod_div_common)
    _e2d                                     0x08009ac9   Thumb Code   122  btod.o(CL$$btod_e2d)
    _e2e                                     0x08009b4d   Thumb Code   220  btod.o(CL$$btod_e2e)
    _btod_ediv                               0x08009c29   Thumb Code    42  btod.o(CL$$btod_ediv)
    _btod_edivd                              0x08009c53   Thumb Code    42  btod.o(CL$$btod_edivd)
    _btod_emul                               0x08009c7d   Thumb Code    42  btod.o(CL$$btod_emul)
    _btod_emuld                              0x08009ca7   Thumb Code    42  btod.o(CL$$btod_emuld)
    __btod_mult_common                       0x08009cd1   Thumb Code   580  btod.o(CL$$btod_mult_common)
    __ARM_fpclassify                         0x08009f15   Thumb Code    40  fpclassify.o(i.__ARM_fpclassify)
    __mathlib_dbl_overflow                   0x08009f3d   Thumb Code    14  dunder.o(i.__mathlib_dbl_overflow)
    __mathlib_dbl_underflow                  0x08009f4d   Thumb Code    10  dunder.o(i.__mathlib_dbl_underflow)
    __mathlib_narrow                         0x08009f5d   Thumb Code    16  narrow.o(i.__mathlib_narrow)
    __mathlib_tofloat                        0x08009f6d   Thumb Code   184  narrow.o(i.__mathlib_tofloat)
    __support_ldexp                          0x0800a029   Thumb Code    22  ldexp.o(i.__support_ldexp)
    _is_digit                                0x0800a03f   Thumb Code    14  __printf_wp.o(i._is_digit)
    frexp                                    0x0800a04d   Thumb Code    80  frexp.o(i.frexp)
    ldexp                                    0x0800a0a5   Thumb Code   116  ldexp.o(i.ldexp)
    strtod                                   0x0800a119   Thumb Code    28  strtod.o(i.strtod)
    _get_lc_ctype                            0x0800a135   Thumb Code    44  lc_ctype_c.o(locale$$code)
    _get_lc_numeric                          0x0800a161   Thumb Code    44  lc_numeric_c.o(locale$$code)
    __aeabi_d2f                              0x0800a18d   Thumb Code     0  d2f.o(x$fpl$d2f)
    _d2f                                     0x0800a18d   Thumb Code    98  d2f.o(x$fpl$d2f)
    __aeabi_dadd                             0x0800a1f1   Thumb Code     0  daddsub_clz.o(x$fpl$dadd)
    _dadd                                    0x0800a1f1   Thumb Code   332  daddsub_clz.o(x$fpl$dadd)
    __fpl_dcheck_NaN1                        0x0800a341   Thumb Code    10  dcheck1.o(x$fpl$dcheck1)
    __fpl_dcmp_Inf                           0x0800a351   Thumb Code    24  dcmpi.o(x$fpl$dcmpinf)
    __aeabi_cdcmpeq                          0x0800a369   Thumb Code     0  deqf.o(x$fpl$deqf)
    _dcmpeq                                  0x0800a369   Thumb Code   120  deqf.o(x$fpl$deqf)
    __aeabi_d2iz                             0x0800a3e1   Thumb Code     0  dfix.o(x$fpl$dfix)
    _dfix                                    0x0800a3e1   Thumb Code    94  dfix.o(x$fpl$dfix)
    __aeabi_i2d                              0x0800a43f   Thumb Code     0  dflt_clz.o(x$fpl$dflt)
    _dflt                                    0x0800a43f   Thumb Code    46  dflt_clz.o(x$fpl$dflt)
    __aeabi_cdcmple                          0x0800a46d   Thumb Code     0  dleqf.o(x$fpl$dleqf)
    _dcmple                                  0x0800a46d   Thumb Code   120  dleqf.o(x$fpl$dleqf)
    __fpl_dcmple_InfNaN                      0x0800a4cf   Thumb Code     0  dleqf.o(x$fpl$dleqf)
    __aeabi_dmul                             0x0800a4e5   Thumb Code     0  dmul.o(x$fpl$dmul)
    _dmul                                    0x0800a4e5   Thumb Code   332  dmul.o(x$fpl$dmul)
    __fpl_dnaninf                            0x0800a639   Thumb Code   156  dnaninf.o(x$fpl$dnaninf)
    __fpl_dretinf                            0x0800a6d5   Thumb Code    12  dretinf.o(x$fpl$dretinf)
    __aeabi_cdrcmple                         0x0800a6e1   Thumb Code     0  drleqf.o(x$fpl$drleqf)
    _drcmple                                 0x0800a6e1   Thumb Code   108  drleqf.o(x$fpl$drleqf)
    __aeabi_dsub                             0x0800a74d   Thumb Code     0  daddsub_clz.o(x$fpl$dsub)
    _dsub                                    0x0800a74d   Thumb Code   464  daddsub_clz.o(x$fpl$dsub)
    __aeabi_f2d                              0x0800a921   Thumb Code     0  f2d.o(x$fpl$f2d)
    _f2d                                     0x0800a921   Thumb Code    86  f2d.o(x$fpl$f2d)
    __fpl_fnaninf                            0x0800a977   Thumb Code   140  fnaninf.o(x$fpl$fnaninf)
    __fpl_fretinf                            0x0800aa03   Thumb Code    10  fretinf.o(x$fpl$fretinf)
    __ieee_status                            0x0800aa0d   Thumb Code     6  istatus.o(x$fpl$ieeestatus)
    _printf_fp_dec                           0x0800aa13   Thumb Code     4  printf1.o(x$fpl$printf1)
    _printf_fp_hex                           0x0800aa17   Thumb Code     4  printf2.o(x$fpl$printf2)
    __fpl_return_NaN                         0x0800aa1b   Thumb Code   100  retnan.o(x$fpl$retnan)
    __ARM_scalbn                             0x0800aa7f   Thumb Code    92  scalbn.o(x$fpl$scalbn)
    _scanf_real                              0x0800aadb   Thumb Code     4  scanf1.o(x$fpl$scanf1)
    _scanf_hex_real                          0x0800aadf   Thumb Code     4  scanf2.o(x$fpl$scanf2)
    _scanf_infnan                            0x0800aae3   Thumb Code     4  scanf2.o(x$fpl$scanf2)
    __fpl_cmpreturn                          0x0800aae7   Thumb Code    48  trapv.o(x$fpl$trapveneer)
    F6x8                                     0x0800ab16   Data         552  oled.o(.constdata)
    __I$use$fp                               0x0800ab16   Number         0  usenofp.o(x$fpl$usenofp)
    F8X16                                    0x0800ad3e   Data        1520  oled.o(.constdata)
    Region$$Table$$Base                      0x0800b43c   Number         0  anon$$obj.o(Region$$Table)
    Region$$Table$$Limit                     0x0800b45c   Number         0  anon$$obj.o(Region$$Table)
    __aeabi_HUGE_VAL                         0x0800b45c   Data           0  fpconst.o(c$$dinf)
    __aeabi_HUGE_VALL                        0x0800b45c   Data           0  fpconst.o(c$$dinf)
    __aeabi_INFINITY                         0x0800b45c   Data           0  fpconst.o(c$$dinf)
    __dInf                                   0x0800b45c   Data           0  fpconst.o(c$$dinf)
    __huge_val                               0x0800b45c   Data           0  fpconst.o(c$$dinf)
    __dbl_max                                0x0800b464   Data           0  fpconst.o(c$$dmax)
    __ctype                                  0x0800b479   Data           0  lc_ctype_c.o(locale$$data)
    BMP1                                     0x20000000   Data        1024  main.o(.data)
    topics                                   0x20000400   Data           4  main.o(.data)
    timeCount                                0x20000404   Data           2  main.o(.data)
    dataPtr                                  0x20000408   Data           4  main.o(.data)
    Speed                                    0x2000040c   Data           1  main.o(.data)
    oled_Flag                                0x2000040d   Data           1  main.o(.data)
    temp_max                                 0x2000040e   Data           2  main.o(.data)
    humi_max                                 0x20000410   Data           2  main.o(.data)
    light_max                                0x20000412   Data           2  main.o(.data)
    alarmTemp_flag                           0x20000414   Data           1  main.o(.data)
    alarmHumi_flag                           0x20000415   Data           1  main.o(.data)
    alarmLight_flag                          0x20000416   Data           1  main.o(.data)
    key                                      0x20000417   Data           1  main.o(.data)
    key1                                     0x20000418   Data           1  main.o(.data)
    mode                                     0x20000419   Data           1  main.o(.data)
    temp                                     0x2000041a   Data           1  main.o(.data)
    humi                                     0x2000041b   Data           1  main.o(.data)
    adcx                                     0x2000041c   Data           2  main.o(.data)
    SystemCoreClock                          0x20000420   Data           4  system_stm32f10x.o(.data)
    AHBPrescTable                            0x20000424   Data          16  system_stm32f10x.o(.data)
    Hzk                                      0x20000434   Data         960  oled.o(.data)
    esp8266_cnt                              0x2000080c   Data           2  esp8266.o(.data)
    esp8266_cntPre                           0x2000080e   Data           2  esp8266.o(.data)
    json                                     0x20000810   Data           4  onenet.o(.data)
    json_vlaue                               0x20000814   Data           4  onenet.o(.data)
    PUB_BUF                                  0x20000830   Data         256  main.o(.bss)
    esp8266_buf                              0x20000930   Data         128  esp8266.o(.bss)
    __libspace_start                         0x200009c0   Data          96  libspace.o(.bss)
    __temporary_stack_top$libspace           0x20000a20   Data           0  libspace.o(.bss)



==============================================================================

Memory Map of the image

  Image Entry point : 0x08000131

  Load Region LR_IROM1 (Base: 0x08000000, Size: 0x0000bdc8, Max: 0x00010000, ABSOLUTE, COMPRESSED[0x0000b870])

    Execution Region ER_IROM1 (Exec base: 0x08000000, Load base: 0x08000000, Size: 0x0000b598, Max: 0x00010000, ABSOLUTE)

    Exec Addr    Load Addr    Size         Type   Attr      Idx    E Section Name        Object

    0x08000000   0x08000000   0x00000130   Data   RO          401    RESET               startup_stm32f10x_hd.o
    0x08000130   0x08000130   0x00000008   Code   RO          834  * !!!main             c_w.l(__main.o)
    0x08000138   0x08000138   0x00000034   Code   RO         1276    !!!scatter          c_w.l(__scatter.o)
    0x0800016c   0x0800016c   0x0000005a   Code   RO         1274    !!dczerorl2         c_w.l(__dczerorl2.o)
    0x080001c6   0x080001c6   0x00000002   PAD
    0x080001c8   0x080001c8   0x0000001c   Code   RO         1278    !!handler_zi        c_w.l(__scatter_zi.o)
    0x080001e4   0x080001e4   0x00000000   Code   RO          807    .ARM.Collect$$_printf_percent$$00000000  c_w.l(_printf_percent.o)
    0x080001e4   0x080001e4   0x00000006   Code   RO          928    .ARM.Collect$$_printf_percent$$00000001  c_w.l(_printf_n.o)
    0x080001ea   0x080001ea   0x00000006   Code   RO          929    .ARM.Collect$$_printf_percent$$00000002  c_w.l(_printf_p.o)
    0x080001f0   0x080001f0   0x00000006   Code   RO          932    .ARM.Collect$$_printf_percent$$00000003  c_w.l(_printf_f.o)
    0x080001f6   0x080001f6   0x00000006   Code   RO          933    .ARM.Collect$$_printf_percent$$00000004  c_w.l(_printf_e.o)
    0x080001fc   0x080001fc   0x00000006   Code   RO          806    .ARM.Collect$$_printf_percent$$00000005  c_w.l(_printf_g.o)
    0x08000202   0x08000202   0x00000006   Code   RO          934    .ARM.Collect$$_printf_percent$$00000006  c_w.l(_printf_a.o)
    0x08000208   0x08000208   0x0000000a   Code   RO          939    .ARM.Collect$$_printf_percent$$00000007  c_w.l(_printf_ll.o)
    0x08000212   0x08000212   0x00000006   Code   RO          804    .ARM.Collect$$_printf_percent$$00000008  c_w.l(_printf_i.o)
    0x08000218   0x08000218   0x00000006   Code   RO          805    .ARM.Collect$$_printf_percent$$00000009  c_w.l(_printf_d.o)
    0x0800021e   0x0800021e   0x00000006   Code   RO          931    .ARM.Collect$$_printf_percent$$0000000A  c_w.l(_printf_u.o)
    0x08000224   0x08000224   0x00000006   Code   RO          930    .ARM.Collect$$_printf_percent$$0000000B  c_w.l(_printf_o.o)
    0x0800022a   0x0800022a   0x00000006   Code   RO          803    .ARM.Collect$$_printf_percent$$0000000C  c_w.l(_printf_x.o)
    0x08000230   0x08000230   0x00000006   Code   RO          936    .ARM.Collect$$_printf_percent$$0000000D  c_w.l(_printf_lli.o)
    0x08000236   0x08000236   0x00000006   Code   RO          937    .ARM.Collect$$_printf_percent$$0000000E  c_w.l(_printf_lld.o)
    0x0800023c   0x0800023c   0x00000006   Code   RO          938    .ARM.Collect$$_printf_percent$$0000000F  c_w.l(_printf_llu.o)
    0x08000242   0x08000242   0x00000006   Code   RO          943    .ARM.Collect$$_printf_percent$$00000010  c_w.l(_printf_llo.o)
    0x08000248   0x08000248   0x00000006   Code   RO          944    .ARM.Collect$$_printf_percent$$00000011  c_w.l(_printf_llx.o)
    0x0800024e   0x0800024e   0x0000000a   Code   RO          940    .ARM.Collect$$_printf_percent$$00000012  c_w.l(_printf_l.o)
    0x08000258   0x08000258   0x00000006   Code   RO          927    .ARM.Collect$$_printf_percent$$00000013  c_w.l(_printf_c.o)
    0x0800025e   0x0800025e   0x00000006   Code   RO          802    .ARM.Collect$$_printf_percent$$00000014  c_w.l(_printf_s.o)
    0x08000264   0x08000264   0x00000006   Code   RO          941    .ARM.Collect$$_printf_percent$$00000015  c_w.l(_printf_lc.o)
    0x0800026a   0x0800026a   0x00000006   Code   RO          942    .ARM.Collect$$_printf_percent$$00000016  c_w.l(_printf_ls.o)
    0x08000270   0x08000270   0x00000004   Code   RO          935    .ARM.Collect$$_printf_percent$$00000017  c_w.l(_printf_percent_end.o)
    0x08000274   0x08000274   0x00000002   Code   RO         1162    .ARM.Collect$$libinit$$00000000  c_w.l(libinit.o)
    0x08000276   0x08000276   0x00000000   Code   RO          956    .ARM.Collect$$libinit$$00000002  c_w.l(libinit2.o)
    0x08000276   0x08000276   0x00000000   Code   RO          958    .ARM.Collect$$libinit$$00000004  c_w.l(libinit2.o)
    0x08000276   0x08000276   0x00000008   Code   RO          959    .ARM.Collect$$libinit$$00000005  c_w.l(libinit2.o)
    0x0800027e   0x0800027e   0x00000000   Code   RO          961    .ARM.Collect$$libinit$$0000000A  c_w.l(libinit2.o)
    0x0800027e   0x0800027e   0x00000000   Code   RO          963    .ARM.Collect$$libinit$$0000000C  c_w.l(libinit2.o)
    0x0800027e   0x0800027e   0x00000000   Code   RO          965    .ARM.Collect$$libinit$$0000000E  c_w.l(libinit2.o)
    0x0800027e   0x0800027e   0x00000006   Code   RO          966    .ARM.Collect$$libinit$$0000000F  c_w.l(libinit2.o)
    0x08000284   0x08000284   0x00000000   Code   RO          968    .ARM.Collect$$libinit$$00000011  c_w.l(libinit2.o)
    0x08000284   0x08000284   0x0000000c   Code   RO          969    .ARM.Collect$$libinit$$00000012  c_w.l(libinit2.o)
    0x08000290   0x08000290   0x00000000   Code   RO          970    .ARM.Collect$$libinit$$00000013  c_w.l(libinit2.o)
    0x08000290   0x08000290   0x00000000   Code   RO          972    .ARM.Collect$$libinit$$00000015  c_w.l(libinit2.o)
    0x08000290   0x08000290   0x0000000a   Code   RO          973    .ARM.Collect$$libinit$$00000016  c_w.l(libinit2.o)
    0x0800029a   0x0800029a   0x00000000   Code   RO          974    .ARM.Collect$$libinit$$00000017  c_w.l(libinit2.o)
    0x0800029a   0x0800029a   0x00000000   Code   RO          976    .ARM.Collect$$libinit$$00000019  c_w.l(libinit2.o)
    0x0800029a   0x0800029a   0x00000000   Code   RO          978    .ARM.Collect$$libinit$$0000001B  c_w.l(libinit2.o)
    0x0800029a   0x0800029a   0x00000000   Code   RO          980    .ARM.Collect$$libinit$$0000001D  c_w.l(libinit2.o)
    0x0800029a   0x0800029a   0x00000000   Code   RO          982    .ARM.Collect$$libinit$$0000001F  c_w.l(libinit2.o)
    0x0800029a   0x0800029a   0x00000000   Code   RO          984    .ARM.Collect$$libinit$$00000021  c_w.l(libinit2.o)
    0x0800029a   0x0800029a   0x00000000   Code   RO          986    .ARM.Collect$$libinit$$00000023  c_w.l(libinit2.o)
    0x0800029a   0x0800029a   0x00000000   Code   RO          988    .ARM.Collect$$libinit$$00000025  c_w.l(libinit2.o)
    0x0800029a   0x0800029a   0x00000000   Code   RO          992    .ARM.Collect$$libinit$$0000002C  c_w.l(libinit2.o)
    0x0800029a   0x0800029a   0x00000000   Code   RO          994    .ARM.Collect$$libinit$$0000002E  c_w.l(libinit2.o)
    0x0800029a   0x0800029a   0x00000000   Code   RO          996    .ARM.Collect$$libinit$$00000030  c_w.l(libinit2.o)
    0x0800029a   0x0800029a   0x00000000   Code   RO          998    .ARM.Collect$$libinit$$00000032  c_w.l(libinit2.o)
    0x0800029a   0x0800029a   0x00000002   Code   RO          999    .ARM.Collect$$libinit$$00000033  c_w.l(libinit2.o)
    0x0800029c   0x0800029c   0x00000002   Code   RO         1263    .ARM.Collect$$libshutdown$$00000000  c_w.l(libshutdown.o)
    0x0800029e   0x0800029e   0x00000000   Code   RO         1186    .ARM.Collect$$libshutdown$$00000002  c_w.l(libshutdown2.o)
    0x0800029e   0x0800029e   0x00000000   Code   RO         1188    .ARM.Collect$$libshutdown$$00000004  c_w.l(libshutdown2.o)
    0x0800029e   0x0800029e   0x00000000   Code   RO         1191    .ARM.Collect$$libshutdown$$00000007  c_w.l(libshutdown2.o)
    0x0800029e   0x0800029e   0x00000000   Code   RO         1194    .ARM.Collect$$libshutdown$$0000000A  c_w.l(libshutdown2.o)
    0x0800029e   0x0800029e   0x00000000   Code   RO         1196    .ARM.Collect$$libshutdown$$0000000C  c_w.l(libshutdown2.o)
    0x0800029e   0x0800029e   0x00000000   Code   RO         1199    .ARM.Collect$$libshutdown$$0000000F  c_w.l(libshutdown2.o)
    0x0800029e   0x0800029e   0x00000002   Code   RO         1200    .ARM.Collect$$libshutdown$$00000010  c_w.l(libshutdown2.o)
    0x080002a0   0x080002a0   0x00000000   Code   RO          872    .ARM.Collect$$rtentry$$00000000  c_w.l(__rtentry.o)
    0x080002a0   0x080002a0   0x00000000   Code   RO         1021    .ARM.Collect$$rtentry$$00000002  c_w.l(__rtentry2.o)
    0x080002a0   0x080002a0   0x00000006   Code   RO         1033    .ARM.Collect$$rtentry$$00000004  c_w.l(__rtentry4.o)
    0x080002a6   0x080002a6   0x00000000   Code   RO         1023    .ARM.Collect$$rtentry$$00000009  c_w.l(__rtentry2.o)
    0x080002a6   0x080002a6   0x00000004   Code   RO         1024    .ARM.Collect$$rtentry$$0000000A  c_w.l(__rtentry2.o)
    0x080002aa   0x080002aa   0x00000000   Code   RO         1026    .ARM.Collect$$rtentry$$0000000C  c_w.l(__rtentry2.o)
    0x080002aa   0x080002aa   0x00000008   Code   RO         1027    .ARM.Collect$$rtentry$$0000000D  c_w.l(__rtentry2.o)
    0x080002b2   0x080002b2   0x00000002   Code   RO         1171    .ARM.Collect$$rtexit$$00000000  c_w.l(rtexit.o)
    0x080002b4   0x080002b4   0x00000000   Code   RO         1220    .ARM.Collect$$rtexit$$00000002  c_w.l(rtexit2.o)
    0x080002b4   0x080002b4   0x00000004   Code   RO         1221    .ARM.Collect$$rtexit$$00000003  c_w.l(rtexit2.o)
    0x080002b8   0x080002b8   0x00000006   Code   RO         1222    .ARM.Collect$$rtexit$$00000004  c_w.l(rtexit2.o)
    0x080002be   0x080002be   0x00000002   PAD
    0x080002c0   0x080002c0   0x00000000   Code   RO         1047    .emb_text           c_w.l(maybetermalloc1.o)
    0x080002c0   0x080002c0   0x000004fa   Code   RO            1    .text               main.o
    0x080007ba   0x080007ba   0x0000001a   Code   RO          116    .text               stm32f10x_it.o
    0x080007d4   0x080007d4   0x000001e0   Code   RO          169    .text               system_stm32f10x.o
    0x080009b4   0x080009b4   0x00000034   Code   RO          187    .text               led.o
    0x080009e8   0x080009e8   0x00000054   Code   RO          225    .text               key.o
    0x08000a3c   0x08000a3c   0x00000038   Code   RO          237    .text               beep.o
    0x08000a74   0x08000a74   0x00000620   Code   RO          252    .text               oled.o
    0x08001094   0x08001094   0x00000198   Code   RO          280    .text               dht11.o
    0x0800122c   0x0800122c   0x000000e8   Code   RO          295    .text               adc.o
    0x08001314   0x08001314   0x00000068   Code   RO          310    .text               motor.o
    0x0800137c   0x0800137c   0x000000a4   Code   RO          325    .text               pwm.o
    0x08001420   0x08001420   0x000000d4   Code   RO          337    .text               delay.o
    0x080014f4   0x080014f4   0x0000000c   Code   RO          351    .text               sys.o
    0x08001500   0x08001500   0x000001c0   Code   RO          363    .text               usart.o
    0x080016c0   0x080016c0   0x00000040   Code   RO          402    .text               startup_stm32f10x_hd.o
    0x08001700   0x08001700   0x000000dc   Code   RO          406    .text               misc.o
    0x080017dc   0x080017dc   0x0000035c   Code   RO          442    .text               stm32f10x_gpio.o
    0x08001b38   0x08001b38   0x000003a4   Code   RO          454    .text               stm32f10x_rcc.o
    0x08001edc   0x08001edc   0x00000e1a   Code   RO          468    .text               stm32f10x_tim.o
    0x08002cf6   0x08002cf6   0x00000002   PAD
    0x08002cf8   0x08002cf8   0x00000408   Code   RO          480    .text               stm32f10x_usart.o
    0x08003100   0x08003100   0x0000044e   Code   RO          492    .text               stm32f10x_adc.o
    0x0800354e   0x0800354e   0x00000002   PAD
    0x08003550   0x08003550   0x000003f4   Code   RO          504    .text               esp8266.o
    0x08003944   0x08003944   0x00000dfc   Code   RO          530    .text               mqttkit.o
    0x08004740   0x08004740   0x00000728   Code   RO          548    .text               onenet.o
    0x08004e68   0x08004e68   0x00002294   Code   RO          641    .text               cjson.o
    0x080070fc   0x080070fc   0x0000005e   Code   RO          683    .text               c_w.l(h1_alloc.o)
    0x0800715a   0x0800715a   0x0000004e   Code   RO          685    .text               c_w.l(h1_free.o)
    0x080071a8   0x080071a8   0x000000b8   Code   RO          687    .text               c_w.l(h1_realloc.o)
    0x08007260   0x08007260   0x0000001a   Code   RO          745    .text               c_w.l(tolower.o)
    0x0800727a   0x0800727a   0x00000002   PAD
    0x0800727c   0x0800727c   0x00000034   Code   RO          747    .text               c_w.l(vsnprintf.o)
    0x080072b0   0x080072b0   0x0000002c   Code   RO          749    .text               c_w.l(__2sprintf.o)
    0x080072dc   0x080072dc   0x0000004e   Code   RO          755    .text               c_w.l(_printf_pad.o)
    0x0800732a   0x0800732a   0x00000052   Code   RO          757    .text               c_w.l(_printf_str.o)
    0x0800737c   0x0800737c   0x00000078   Code   RO          759    .text               c_w.l(_printf_dec.o)
    0x080073f4   0x080073f4   0x00000094   Code   RO          779    .text               c_w.l(_printf_hex_int_ll_ptr.o)
    0x08007488   0x08007488   0x00000188   Code   RO          799    .text               c_w.l(__printf_flags_ss_wp.o)
    0x08007610   0x08007610   0x0000003c   Code   RO          808    .text               c_w.l(__0sscanf.o)
    0x0800764c   0x0800764c   0x00000014   Code   RO          810    .text               c_w.l(strchr.o)
    0x08007660   0x08007660   0x00000024   Code   RO          812    .text               c_w.l(strncat.o)
    0x08007684   0x08007684   0x00000024   Code   RO          814    .text               c_w.l(strstr.o)
    0x080076a8   0x080076a8   0x00000048   Code   RO          816    .text               c_w.l(strcpy.o)
    0x080076f0   0x080076f0   0x0000003e   Code   RO          818    .text               c_w.l(strlen.o)
    0x0800772e   0x0800772e   0x00000096   Code   RO          820    .text               c_w.l(strncmp.o)
    0x080077c4   0x080077c4   0x0000008a   Code   RO          822    .text               c_w.l(rt_memcpy_v6.o)
    0x0800784e   0x0800784e   0x00000064   Code   RO          824    .text               c_w.l(rt_memcpy_w.o)
    0x080078b2   0x080078b2   0x00000044   Code   RO          826    .text               c_w.l(rt_memclr.o)
    0x080078f6   0x080078f6   0x0000004e   Code   RO          828    .text               c_w.l(rt_memclr_w.o)
    0x08007944   0x08007944   0x00000080   Code   RO          830    .text               c_w.l(strcmpv7m.o)
    0x080079c4   0x080079c4   0x00000006   Code   RO          832    .text               c_w.l(heapauxi.o)
    0x080079ca   0x080079ca   0x00000002   PAD
    0x080079cc   0x080079cc   0x00000010   Code   RO          873    .text               c_w.l(rt_ctype_table.o)
    0x080079dc   0x080079dc   0x00000008   Code   RO          878    .text               c_w.l(rt_heap_descriptor_intlibspace.o)
    0x080079e4   0x080079e4   0x00000004   Code   RO          880    .text               c_w.l(hguard.o)
    0x080079e8   0x080079e8   0x0000008a   Code   RO          882    .text               c_w.l(init_alloc.o)
    0x08007a72   0x08007a72   0x0000000e   Code   RO          886    .text               c_w.l(h1_init.o)
    0x08007a80   0x08007a80   0x00000024   Code   RO          900    .text               c_w.l(_printf_truncate.o)
    0x08007aa4   0x08007aa4   0x000000b2   Code   RO          902    .text               c_w.l(_printf_intcommon.o)
    0x08007b56   0x08007b56   0x00000028   Code   RO          904    .text               c_w.l(_printf_charcount.o)
    0x08007b7e   0x08007b7e   0x0000041e   Code   RO          906    .text               c_w.l(_printf_fp_dec.o)
    0x08007f9c   0x08007f9c   0x00000030   Code   RO          908    .text               c_w.l(_printf_char_common.o)
    0x08007fcc   0x08007fcc   0x0000000a   Code   RO          910    .text               c_w.l(_sputc.o)
    0x08007fd6   0x08007fd6   0x00000010   Code   RO          912    .text               c_w.l(_snputc.o)
    0x08007fe6   0x08007fe6   0x0000002c   Code   RO          914    .text               c_w.l(_printf_char.o)
    0x08008012   0x08008012   0x00000002   PAD
    0x08008014   0x08008014   0x000000bc   Code   RO          916    .text               c_w.l(_printf_wctomb.o)
    0x080080d0   0x080080d0   0x0000007c   Code   RO          919    .text               c_w.l(_printf_longlong_dec.o)
    0x0800814c   0x0800814c   0x00000070   Code   RO          925    .text               c_w.l(_printf_oct_int_ll.o)
    0x080081bc   0x080081bc   0x000004f8   Code   RO          945    .text               c_w.l(scanf_fp.o)
    0x080086b4   0x080086b4   0x0000002c   Code   RO          947    .text               c_w.l(scanf_char.o)
    0x080086e0   0x080086e0   0x00000040   Code   RO          949    .text               c_w.l(_sgetc.o)
    0x08008720   0x08008720   0x000000a4   Code   RO          951    .text               c_w.l(strtod.o)
    0x080087c4   0x080087c4   0x00000008   Code   RO         1017    .text               c_w.l(libspace.o)
    0x080087cc   0x080087cc   0x00000008   Code   RO         1038    .text               c_w.l(rt_locale_intlibspace.o)
    0x080087d4   0x080087d4   0x00000008   Code   RO         1043    .text               c_w.l(rt_errno_addr_intlibspace.o)
    0x080087dc   0x080087dc   0x00000034   Code   RO         1049    .text               c_w.l(h1_extend.o)
    0x08008810   0x08008810   0x0000008a   Code   RO         1053    .text               c_w.l(lludiv10.o)
    0x0800889a   0x0800889a   0x00000012   Code   RO         1055    .text               c_w.l(isspace.o)
    0x080088ac   0x080088ac   0x000002fc   Code   RO         1057    .text               c_w.l(_printf_fp_hex.o)
    0x08008ba8   0x08008ba8   0x00000080   Code   RO         1060    .text               c_w.l(_printf_fp_infnan.o)
    0x08008c28   0x08008c28   0x0000002c   Code   RO         1064    .text               c_w.l(_printf_wchar.o)
    0x08008c54   0x08008c54   0x00000374   Code   RO         1066    .text               c_w.l(_scanf.o)
    0x08008fc8   0x08008fc8   0x000000e4   Code   RO         1068    .text               c_w.l(bigflt0.o)
    0x080090ac   0x080090ac   0x00000040   Code   RO         1093    .text               c_w.l(_wcrtomb.o)
    0x080090ec   0x080090ec   0x0000000e   Code   RO         1101    .text               c_w.l(defsig_rtmem_outer.o)
    0x080090fa   0x080090fa   0x00000002   Code   RO         1132    .text               c_w.l(use_no_semi.o)
    0x080090fc   0x080090fc   0x00000000   Code   RO         1134    .text               c_w.l(indicate_semi.o)
    0x080090fc   0x080090fc   0x0000004a   Code   RO         1135    .text               c_w.l(sys_stackheap_outer.o)
    0x08009146   0x08009146   0x00000016   Code   RO         1141    .text               c_w.l(_rserrno.o)
    0x0800915c   0x0800915c   0x00000320   Code   RO         1143    .text               c_w.l(scanf_hexfp.o)
    0x0800947c   0x0800947c   0x00000134   Code   RO         1145    .text               c_w.l(scanf_infnan.o)
    0x080095b0   0x080095b0   0x00000012   Code   RO         1147    .text               c_w.l(exit.o)
    0x080095c2   0x080095c2   0x0000000a   Code   RO         1149    .text               c_w.l(defsig_exit.o)
    0x080095cc   0x080095cc   0x00000050   Code   RO         1151    .text               c_w.l(defsig_rtmem_inner.o)
    0x0800961c   0x0800961c   0x0000000c   Code   RO         1169    .text               c_w.l(sys_exit.o)
    0x08009628   0x08009628   0x00000026   Code   RO         1177    .text               c_w.l(llshl.o)
    0x0800964e   0x0800964e   0x0000001c   Code   RO         1179    .text               c_w.l(_chval.o)
    0x0800966a   0x0800966a   0x00000032   Code   RO         1183    .text               c_w.l(defsig_general.o)
    0x0800969c   0x0800969c   0x0000000e   Code   RO         1217    .text               c_w.l(sys_wrch.o)
    0x080096aa   0x080096aa   0x0000003e   Code   RO         1071    CL$$btod_d2e        c_w.l(btod.o)
    0x080096e8   0x080096e8   0x00000046   Code   RO         1073    CL$$btod_d2e_denorm_low  c_w.l(btod.o)
    0x0800972e   0x0800972e   0x00000060   Code   RO         1072    CL$$btod_d2e_norm_op1  c_w.l(btod.o)
    0x0800978e   0x0800978e   0x00000338   Code   RO         1081    CL$$btod_div_common  c_w.l(btod.o)
    0x08009ac6   0x08009ac6   0x00000002   PAD
    0x08009ac8   0x08009ac8   0x00000084   Code   RO         1079    CL$$btod_e2d        c_w.l(btod.o)
    0x08009b4c   0x08009b4c   0x000000dc   Code   RO         1078    CL$$btod_e2e        c_w.l(btod.o)
    0x08009c28   0x08009c28   0x0000002a   Code   RO         1075    CL$$btod_ediv       c_w.l(btod.o)
    0x08009c52   0x08009c52   0x0000002a   Code   RO         1077    CL$$btod_edivd      c_w.l(btod.o)
    0x08009c7c   0x08009c7c   0x0000002a   Code   RO         1074    CL$$btod_emul       c_w.l(btod.o)
    0x08009ca6   0x08009ca6   0x0000002a   Code   RO         1076    CL$$btod_emuld      c_w.l(btod.o)
    0x08009cd0   0x08009cd0   0x00000244   Code   RO         1080    CL$$btod_mult_common  c_w.l(btod.o)
    0x08009f14   0x08009f14   0x00000028   Code   RO         1124    i.__ARM_fpclassify  m_ws.l(fpclassify.o)
    0x08009f3c   0x08009f3c   0x0000000e   Code   RO         1234    i.__mathlib_dbl_overflow  m_ws.l(dunder.o)
    0x08009f4a   0x08009f4a   0x00000002   PAD
    0x08009f4c   0x08009f4c   0x00000010   Code   RO         1236    i.__mathlib_dbl_underflow  m_ws.l(dunder.o)
    0x08009f5c   0x08009f5c   0x00000010   Code   RO         1126    i.__mathlib_narrow  m_ws.l(narrow.o)
    0x08009f6c   0x08009f6c   0x000000bc   Code   RO         1127    i.__mathlib_tofloat  m_ws.l(narrow.o)
    0x0800a028   0x0800a028   0x00000016   Code   RO         1206    i.__support_ldexp   m_ws.l(ldexp.o)
    0x0800a03e   0x0800a03e   0x0000000e   Code   RO          792    i._is_digit         c_w.l(__printf_wp.o)
    0x0800a04c   0x0800a04c   0x00000058   Code   RO         1166    i.frexp             m_ws.l(frexp.o)
    0x0800a0a4   0x0800a0a4   0x00000074   Code   RO         1207    i.ldexp             m_ws.l(ldexp.o)
    0x0800a118   0x0800a118   0x0000001c   Code   RO          867    i.strtod            m_ws.l(strtod.o)
    0x0800a134   0x0800a134   0x0000002c   Code   RO         1096    locale$$code        c_w.l(lc_ctype_c.o)
    0x0800a160   0x0800a160   0x0000002c   Code   RO         1099    locale$$code        c_w.l(lc_numeric_c.o)
    0x0800a18c   0x0800a18c   0x00000062   Code   RO         1163    x$fpl$d2f           fz_ws.l(d2f.o)
    0x0800a1ee   0x0800a1ee   0x00000002   PAD
    0x0800a1f0   0x0800a1f0   0x00000150   Code   RO          836    x$fpl$dadd          fz_ws.l(daddsub_clz.o)
    0x0800a340   0x0800a340   0x00000010   Code   RO         1228    x$fpl$dcheck1       fz_ws.l(dcheck1.o)
    0x0800a350   0x0800a350   0x00000018   Code   RO         1000    x$fpl$dcmpinf       fz_ws.l(dcmpi.o)
    0x0800a368   0x0800a368   0x00000078   Code   RO          842    x$fpl$deqf          fz_ws.l(deqf.o)
    0x0800a3e0   0x0800a3e0   0x0000005e   Code   RO          844    x$fpl$dfix          fz_ws.l(dfix.o)
    0x0800a43e   0x0800a43e   0x0000002e   Code   RO          849    x$fpl$dflt          fz_ws.l(dflt_clz.o)
    0x0800a46c   0x0800a46c   0x00000078   Code   RO          854    x$fpl$dleqf         fz_ws.l(dleqf.o)
    0x0800a4e4   0x0800a4e4   0x00000154   Code   RO          856    x$fpl$dmul          fz_ws.l(dmul.o)
    0x0800a638   0x0800a638   0x0000009c   Code   RO         1002    x$fpl$dnaninf       fz_ws.l(dnaninf.o)
    0x0800a6d4   0x0800a6d4   0x0000000c   Code   RO         1004    x$fpl$dretinf       fz_ws.l(dretinf.o)
    0x0800a6e0   0x0800a6e0   0x0000006c   Code   RO          858    x$fpl$drleqf        fz_ws.l(drleqf.o)
    0x0800a74c   0x0800a74c   0x000001d4   Code   RO          838    x$fpl$dsub          fz_ws.l(daddsub_clz.o)
    0x0800a920   0x0800a920   0x00000056   Code   RO          860    x$fpl$f2d           fz_ws.l(f2d.o)
    0x0800a976   0x0800a976   0x0000008c   Code   RO         1006    x$fpl$fnaninf       fz_ws.l(fnaninf.o)
    0x0800aa02   0x0800aa02   0x0000000a   Code   RO         1201    x$fpl$fretinf       fz_ws.l(fretinf.o)
    0x0800aa0c   0x0800aa0c   0x00000006   Code   RO         1116    x$fpl$ieeestatus    fz_ws.l(istatus.o)
    0x0800aa12   0x0800aa12   0x00000004   Code   RO          862    x$fpl$printf1       fz_ws.l(printf1.o)
    0x0800aa16   0x0800aa16   0x00000004   Code   RO         1008    x$fpl$printf2       fz_ws.l(printf2.o)
    0x0800aa1a   0x0800aa1a   0x00000064   Code   RO         1268    x$fpl$retnan        fz_ws.l(retnan.o)
    0x0800aa7e   0x0800aa7e   0x0000005c   Code   RO         1203    x$fpl$scalbn        fz_ws.l(scalbn.o)
    0x0800aada   0x0800aada   0x00000004   Code   RO          864    x$fpl$scanf1        fz_ws.l(scanf1.o)
    0x0800aade   0x0800aade   0x00000008   Code   RO         1118    x$fpl$scanf2        fz_ws.l(scanf2.o)
    0x0800aae6   0x0800aae6   0x00000030   Code   RO         1270    x$fpl$trapveneer    fz_ws.l(trapv.o)
    0x0800ab16   0x0800ab16   0x00000000   Code   RO         1014    x$fpl$usenofp       fz_ws.l(usenofp.o)
    0x0800ab16   0x0800ab16   0x00000818   Data   RO          253    .constdata          oled.o
    0x0800b32e   0x0800b32e   0x00000028   Data   RO          780    .constdata          c_w.l(_printf_hex_int_ll_ptr.o)
    0x0800b356   0x0800b356   0x00000011   Data   RO          800    .constdata          c_w.l(__printf_flags_ss_wp.o)
    0x0800b367   0x0800b367   0x00000001   PAD
    0x0800b368   0x0800b368   0x00000008   Data   RO          917    .constdata          c_w.l(_printf_wctomb.o)
    0x0800b370   0x0800b370   0x00000026   Data   RO         1058    .constdata          c_w.l(_printf_fp_hex.o)
    0x0800b396   0x0800b396   0x00000002   PAD
    0x0800b398   0x0800b398   0x00000094   Data   RO         1069    .constdata          c_w.l(bigflt0.o)
    0x0800b42c   0x0800b42c   0x0000000e   Data   RO            3    .conststring        main.o
    0x0800b43a   0x0800b43a   0x00000002   PAD
    0x0800b43c   0x0800b43c   0x00000020   Data   RO         1272    Region$$Table       anon$$obj.o
    0x0800b45c   0x0800b45c   0x00000008   Data   RO         1110    c$$dinf             fz_ws.l(fpconst.o)
    0x0800b464   0x0800b464   0x00000008   Data   RO         1113    c$$dmax             fz_ws.l(fpconst.o)
    0x0800b46c   0x0800b46c   0x00000110   Data   RO         1095    locale$$data        c_w.l(lc_ctype_c.o)
    0x0800b57c   0x0800b57c   0x0000001c   Data   RO         1098    locale$$data        c_w.l(lc_numeric_c.o)


    Execution Region RW_IRAM1 (Exec base: 0x20000000, Load base: 0x0800b598, Size: 0x00001020, Max: 0x00005000, ABSOLUTE, COMPRESSED[0x000002d8])

    Exec Addr    Load Addr    Size         Type   Attr      Idx    E Section Name        Object

    0x20000000   COMPRESSED   0x0000041e   Data   RW            4    .data               main.o
    0x2000041e   COMPRESSED   0x00000002   PAD
    0x20000420   COMPRESSED   0x00000014   Data   RW          170    .data               system_stm32f10x.o
    0x20000434   COMPRESSED   0x000003c0   Data   RW          254    .data               oled.o
    0x200007f4   COMPRESSED   0x00000004   Data   RW          338    .data               delay.o
    0x200007f8   COMPRESSED   0x00000014   Data   RW          455    .data               stm32f10x_rcc.o
    0x2000080c   COMPRESSED   0x00000004   Data   RW          506    .data               esp8266.o
    0x20000810   COMPRESSED   0x0000000a   Data   RW          549    .data               onenet.o
    0x2000081a   COMPRESSED   0x00000002   PAD
    0x2000081c   COMPRESSED   0x00000014   Data   RW          643    .data               cjson.o
    0x20000830        -       0x00000100   Zero   RW            2    .bss                main.o
    0x20000930        -       0x00000080   Zero   RW          505    .bss                esp8266.o
    0x200009b0        -       0x0000000f   Zero   RW          642    .bss                cjson.o
    0x200009bf   COMPRESSED   0x00000001   PAD
    0x200009c0        -       0x00000060   Zero   RW         1018    .bss                c_w.l(libspace.o)
    0x20000a20        -       0x00000200   Zero   RW          400    HEAP                startup_stm32f10x_hd.o
    0x20000c20        -       0x00000400   Zero   RW          399    STACK               startup_stm32f10x_hd.o


==============================================================================

Image component sizes


      Code (inc. data)   RO Data    RW Data    ZI Data      Debug   Object Name

       232          8          0          0          0       1075   adc.o
        56          8          0          0          0        460   beep.o
      8852        180          0         20         15      46667   cjson.o
         0          0          0          0          0         32   core_cm3.o
       212         18          0          4          0        979   delay.o
       408         14          0          0          0       2082   dht11.o
      1012        340          0          4        128       3111   esp8266.o
        84          4          0          0          0        604   key.o
        52          6          0          0          0     212779   led.o
      1274        264         14       1054        256     217391   main.o
       220         22          0          0          0       1741   misc.o
       104          6          0          0          0        657   motor.o
      3580         42          0          0          0      15083   mqttkit.o
      1568         22       2072        960          0       7029   oled.o
      1832        580          0         10          0       6823   onenet.o
       164          4          0          0          0        771   pwm.o
        64         26        304          0       1536        772   startup_stm32f10x_hd.o
      1102         26          0          0          0      10985   stm32f10x_adc.o
       860         38          0          0          0       5673   stm32f10x_gpio.o
        26          0          0          0          0      44538   stm32f10x_it.o
       932         36          0         20          0       8824   stm32f10x_rcc.o
      3610         88          0          0          0      22784   stm32f10x_tim.o
      1032         22          0          0          0       8400   stm32f10x_usart.o
        12          0          0          0          0        421   sys.o
       480         38          0         20          0       1647   system_stm32f10x.o
       448         12          0          0          0       3119   usart.o

    ----------------------------------------------------------------------
     28220       1804       2424       2096       1936     624447   Object Totals
         0          0         32          0          0          0   (incl. Generated)
         4          0          2          4          1          0   (incl. Padding)

    ----------------------------------------------------------------------

      Code (inc. data)   RO Data    RW Data    ZI Data      Debug   Library Member Name

        60          8          0          0          0         84   __0sscanf.o
        44          6          0          0          0         84   __2sprintf.o
        90          0          0          0          0          0   __dczerorl2.o
         8          0          0          0          0         68   __main.o
       392          4         17          0          0         92   __printf_flags_ss_wp.o
        14          0          0          0          0         68   __printf_wp.o
         0          0          0          0          0          0   __rtentry.o
        12          0          0          0          0          0   __rtentry2.o
         6          0          0          0          0          0   __rtentry4.o
        52          8          0          0          0          0   __scatter.o
        28          0          0          0          0          0   __scatter_zi.o
        28          0          0          0          0         68   _chval.o
         6          0          0          0          0          0   _printf_a.o
         6          0          0          0          0          0   _printf_c.o
        44          0          0          0          0        108   _printf_char.o
        48          6          0          0          0         96   _printf_char_common.o
        40          0          0          0          0         68   _printf_charcount.o
         6          0          0          0          0          0   _printf_d.o
       120         16          0          0          0         92   _printf_dec.o
         6          0          0          0          0          0   _printf_e.o
         6          0          0          0          0          0   _printf_f.o
      1054          0          0          0          0        216   _printf_fp_dec.o
       764          8         38          0          0        100   _printf_fp_hex.o
       128         16          0          0          0         84   _printf_fp_infnan.o
         6          0          0          0          0          0   _printf_g.o
       148          4         40          0          0        160   _printf_hex_int_ll_ptr.o
         6          0          0          0          0          0   _printf_i.o
       178          0          0          0          0         88   _printf_intcommon.o
        10          0          0          0          0          0   _printf_l.o
         6          0          0          0          0          0   _printf_lc.o
        10          0          0          0          0          0   _printf_ll.o
         6          0          0          0          0          0   _printf_lld.o
         6          0          0          0          0          0   _printf_lli.o
         6          0          0          0          0          0   _printf_llo.o
         6          0          0          0          0          0   _printf_llu.o
         6          0          0          0          0          0   _printf_llx.o
       124         16          0          0          0         92   _printf_longlong_dec.o
         6          0          0          0          0          0   _printf_ls.o
         6          0          0          0          0          0   _printf_n.o
         6          0          0          0          0          0   _printf_o.o
       112         10          0          0          0        124   _printf_oct_int_ll.o
         6          0          0          0          0          0   _printf_p.o
        78          0          0          0          0        108   _printf_pad.o
         0          0          0          0          0          0   _printf_percent.o
         4          0          0          0          0          0   _printf_percent_end.o
         6          0          0          0          0          0   _printf_s.o
        82          0          0          0          0         80   _printf_str.o
        36          0          0          0          0         84   _printf_truncate.o
         6          0          0          0          0          0   _printf_u.o
        44          0          0          0          0        108   _printf_wchar.o
       188          6          8          0          0         92   _printf_wctomb.o
         6          0          0          0          0          0   _printf_x.o
        22          0          0          0          0        100   _rserrno.o
       884          6          0          0          0        100   _scanf.o
        64          0          0          0          0         84   _sgetc.o
        16          0          0          0          0         68   _snputc.o
        10          0          0          0          0         68   _sputc.o
        64          0          0          0          0         92   _wcrtomb.o
       228          4        148          0          0         96   bigflt0.o
      2152        136          0          0          0        960   btod.o
        10          0          0          0          0         68   defsig_exit.o
        50          0          0          0          0         88   defsig_general.o
        80         58          0          0          0         76   defsig_rtmem_inner.o
        14          0          0          0          0         80   defsig_rtmem_outer.o
        18          0          0          0          0         80   exit.o
        94          0          0          0          0         80   h1_alloc.o
        52          0          0          0          0         68   h1_extend.o
        78          0          0          0          0         80   h1_free.o
        14          0          0          0          0         84   h1_init.o
       184          0          0          0          0         92   h1_realloc.o
         6          0          0          0          0        152   heapauxi.o
         4          0          0          0          0        136   hguard.o
         0          0          0          0          0          0   indicate_semi.o
       138          0          0          0          0        168   init_alloc.o
        18          0          0          0          0         76   isspace.o
        44         10        272          0          0         76   lc_ctype_c.o
        44         10         28          0          0         76   lc_numeric_c.o
         2          0          0          0          0          0   libinit.o
        38          0          0          0          0          0   libinit2.o
         2          0          0          0          0          0   libshutdown.o
         2          0          0          0          0          0   libshutdown2.o
         8          4          0          0         96         68   libspace.o
        38          0          0          0          0         68   llshl.o
       138          0          0          0          0         80   lludiv10.o
         0          0          0          0          0          0   maybetermalloc1.o
        16          4          0          0          0         76   rt_ctype_table.o
         8          4          0          0          0         68   rt_errno_addr_intlibspace.o
         8          4          0          0          0         68   rt_heap_descriptor_intlibspace.o
         8          4          0          0          0         68   rt_locale_intlibspace.o
        68          0          0          0          0         68   rt_memclr.o
        78          0          0          0          0         80   rt_memclr_w.o
       138          0          0          0          0         68   rt_memcpy_v6.o
       100          0          0          0          0         80   rt_memcpy_w.o
         2          0          0          0          0          0   rtexit.o
        10          0          0          0          0          0   rtexit2.o
        44          8          0          0          0         84   scanf_char.o
      1272         16          0          0          0        168   scanf_fp.o
       800         14          0          0          0        100   scanf_hexfp.o
       308         16          0          0          0        100   scanf_infnan.o
        20          0          0          0          0         68   strchr.o
       128          0          0          0          0         68   strcmpv7m.o
        72          0          0          0          0         80   strcpy.o
        62          0          0          0          0         76   strlen.o
        36          0          0          0          0         76   strncat.o
       150          0          0          0          0         80   strncmp.o
        36          0          0          0          0         80   strstr.o
       164         14          0          0          0        120   strtod.o
        12          4          0          0          0         68   sys_exit.o
        74          0          0          0          0         80   sys_stackheap_outer.o
        14          0          0          0          0         76   sys_wrch.o
        26          0          0          0          0         76   tolower.o
         2          0          0          0          0         68   use_no_semi.o
        52          4          0          0          0         80   vsnprintf.o
        98          4          0          0          0         92   d2f.o
       804         16          0          0          0        272   daddsub_clz.o
        16          4          0          0          0         68   dcheck1.o
        24          0          0          0          0         68   dcmpi.o
       120          4          0          0          0         92   deqf.o
        94          4          0          0          0         92   dfix.o
        46          0          0          0          0         68   dflt_clz.o
       120          4          0          0          0         92   dleqf.o
       340         12          0          0          0        104   dmul.o
       156          4          0          0          0         92   dnaninf.o
        12          0          0          0          0         68   dretinf.o
       108          0          0          0          0         80   drleqf.o
        86          4          0          0          0         84   f2d.o
       140          4          0          0          0         84   fnaninf.o
         0          0         16          0          0          0   fpconst.o
        10          0          0          0          0         68   fretinf.o
         6          0          0          0          0         68   istatus.o
         4          0          0          0          0         68   printf1.o
         4          0          0          0          0         68   printf2.o
       100          0          0          0          0         68   retnan.o
        92          0          0          0          0         68   scalbn.o
         4          0          0          0          0         68   scanf1.o
         8          0          0          0          0         84   scanf2.o
        48          0          0          0          0         68   trapv.o
         0          0          0          0          0          0   usenofp.o
        30          6          0          0          0        136   dunder.o
        40          0          0          0          0         68   fpclassify.o
        88          8          0          0          0         76   frexp.o
       138          0          0          0          0        160   ldexp.o
       204          4          0          0          0        168   narrow.o
        28          0          0          0          0         80   strtod.o

    ----------------------------------------------------------------------
     15274        508        570          0         96      10224   Library Totals
        16          2          3          0          0          0   (incl. Padding)

    ----------------------------------------------------------------------

      Code (inc. data)   RO Data    RW Data    ZI Data      Debug   Library Name

     12290        428        551          0         96       7552   c_w.l
      2440         60         16          0          0       1984   fz_ws.l
       528         18          0          0          0        688   m_ws.l

    ----------------------------------------------------------------------
     15274        508        570          0         96      10224   Library Totals

    ----------------------------------------------------------------------

==============================================================================


      Code (inc. data)   RO Data    RW Data    ZI Data      Debug   

     43494       2312       2994       2096       2032     626659   Grand Totals
     43494       2312       2994        728       2032     626659   ELF Image Totals (compressed)
     43494       2312       2994        728          0          0   ROM Totals

==============================================================================

    Total RO  Size (Code + RO Data)                46488 (  45.40kB)
    Total RW  Size (RW Data + ZI Data)              4128 (   4.03kB)
    Total ROM Size (Code + RO Data + RW Data)      47216 (  46.11kB)

==============================================================================

